M5:configFile `stream-8coreVault_1.6GHz-M5.xml`
M5:registering exit
 Connected 16 Vaults
 Connected 16 Vaults
-------------------------------------------------------------
STREAM version $Revision: 5.10 $
-------------------------------------------------------------
This system uses 8 bytes per array element.
-------------------------------------------------------------
Array size = 10000 (elements), Offset = 0 (elements)
Memory per array = 0.1 MiB (= 0.0 GiB).
Total memory required = 0.2 MiB (= 0.0 GiB).
Each kernel will be executed 2 times.
 The *best* time for each kernel (excluding the first iteration)
 will be used to compute the reported bandwidth.
-------------------------------------------------------------
Your clock granularity/precision appears to be 1 microseconds.
Each test below will take on the order of 151 microseconds.
   (= 151 clock ticks)
Increase the size of the arrays if this shows that
you are not getting at least 20 clock ticks per test.
-------------------------------------------------------------
WARNING -- The above is only a rough guideline.
For best results, please be sure you know the
precision of your system timer.
-------------------------------------------------------------
Starting loop 0
Starting loop 1
Function    Best Rate MB/s  Avg time     Min time     Max time
Copy:            1427.8     0.000112     0.000112     0.000112
Scale:           1060.2     0.000151     0.000151     0.000151
Add:             1622.3     0.000148     0.000148     0.000148
Triad:           1395.2     0.000172     0.000172     0.000172
-------------------------------------------------------------
Solution Validates: avg error less than 1.000000e-13 on all three arrays
-------------------------------------------------------------
M5:exiting: curTick()=1921078320 cause=`target called exit()` code=0
Memory memory0 stats:
	 # Reads:             17219
	 # Writes:            8448
	 # Canceled Reads:    0
	 # Avg. Requests out: 1.073
Memory memory1 stats:
	 # Reads:             17682
	 # Writes:            8698
	 # Canceled Reads:    0
	 # Avg. Requests out: 1.115
--------------------------------------------------------------------
Next Block Prefetch Engine:
Cache Miss Events:         27385
Cache Hit Events:          9126
Cache Miss Rate (%):       75.0048
Cache Hit Rate (%):        24.9952
Prefetches Issued:         27385
--------------------------------------------------------------------
--------------------------------------------------------------------
Next Block Prefetch Engine:
Cache Miss Events:         0
Cache Hit Events:          0
Prefetches Issued:         0
--------------------------------------------------------------------
