Inserting stop event at cycle 5000ns, 5000000
cpu0: 1000 Issued Write (4) for address 0xe5c
cpu0: 999 Issued Read (9) for address 0x56c
cpu0: 998 Issued Read (b) for address 0x90c
cpu1: 1000 Issued Read (11) for address 0xa8
cpu0: 997 Issued Read (13) for address 0xb0c
cpu0: 996 Issued Read (1b) for address 0x704
cpu0: Received MemEvent with command 4 (response to 4, addr 0xe5c) [Time: 173] [4 outstanding requests]
cpu0: 995 Issued Read (1e) for address 0xf1c
cpu0: Received MemEvent with command 2 (response to 9, addr 0x56c) [Time: 173] [4 outstanding requests]
cpu0: Received MemEvent with command 2 (response to b, addr 0x90c) [Time: 173] [3 outstanding requests]
cpu0: 994 Issued Read (27) for address 0x7e0
cpu1: Received MemEvent with command 2 (response to 11, addr 0xa8) [Time: 173] [0 outstanding requests]
cpu0: Received MemEvent with command 2 (response to 13, addr 0xb0c) [Time: 173] [3 outstanding requests]
cpu1: 999 Issued Read (2f) for address 0xdb4
cpu0: Received MemEvent with command 2 (response to 1b, addr 0x704) [Time: 173] [2 outstanding requests]
cpu0: Received MemEvent with command 2 (response to 1e, addr 0xf1c) [Time: 173] [1 outstanding requests]
cpu1: 998 Issued Read (38) for address 0xa9c
cpu0: 993 Issued Read (3a) for address 0x66c
cpu1: 997 Issued Read (3c) for address 0x594
cpu0: Received MemEvent with command 2 (response to 27, addr 0x7e0) [Time: 173] [1 outstanding requests]
cpu0: 992 Issued Read (46) for address 0x234
cpu1: Received MemEvent with command 2 (response to 2f, addr 0xdb4) [Time: 173] [2 outstanding requests]
cpu0: 991 Issued Read (4a) for address 0x7c0
cpu1: 996 Issued Read (4b) for address 0xc60
cpu0: Received MemEvent with command 2 (response to 4a, addr 0x7c0) [Time: 5] [2 outstanding requests]
cpu1: Received MemEvent with command 2 (response to 38, addr 0xa9c) [Time: 173] [2 outstanding requests]
cpu0: Received MemEvent with command 2 (response to 3a, addr 0x66c) [Time: 173] [1 outstanding requests]
cpu1: Received MemEvent with command 2 (response to 3c, addr 0x594) [Time: 173] [1 outstanding requests]
cpu1: 995 Issued Read (57) for address 0xd84
cpu1: Received MemEvent with command 2 (response to 57, addr 0xd84) [Time: 5] [1 outstanding requests]
cpu0: Received MemEvent with command 2 (response to 46, addr 0x234) [Time: 173] [0 outstanding requests]
cpu1: 994 Issued Read (5c) for address 0x754
cpu1: Received MemEvent with command 2 (response to 4b, addr 0xc60) [Time: 173] [1 outstanding requests]
cpu1: 993 Issued Read (61) for address 0x290
cpu1: 992 Issued Read (65) for address 0x94
cpu1: Received MemEvent with command 2 (response to 65, addr 0x94) [Time: 5] [2 outstanding requests]
cpu1: 991 Issued Read (68) for address 0xe04
cpu1: Received MemEvent with command 2 (response to 5c, addr 0x754) [Time: 173] [2 outstanding requests]
cpu1: Received MemEvent with command 2 (response to 61, addr 0x290) [Time: 173] [1 outstanding requests]
cpu1: 990 Issued Read (6f) for address 0x44c
cpu1: 989 Issued Write (75) for address 0xd4c
cpu1: Received MemEvent with command 2 (response to 68, addr 0xe04) [Time: 173] [2 outstanding requests]
cpu0: 990 Issued Read (7a) for address 0xe8
cpu1: Received MemEvent with command 2 (response to 6f, addr 0x44c) [Time: 173] [1 outstanding requests]
cpu1: 988 Issued Read (81) for address 0xd54
cpu1: Received MemEvent with command 4 (response to 75, addr 0xd4c) [Time: 173] [1 outstanding requests]
cpu1: Received MemEvent with command 2 (response to 81, addr 0xd54) [Time: 16] [0 outstanding requests]
cpu0: Received MemEvent with command 2 (response to 7a, addr 0xe8) [Time: 173] [0 outstanding requests]
cpu1: 987 Issued Write (86) for address 0x540
cpu0: 989 Issued Read (89) for address 0x184
cpu1: 986 Issued Read (8f) for address 0x2b8
cpu1: Received MemEvent with command 2 (response to 8f, addr 0x2b8) [Time: 5] [1 outstanding requests]
cpu1: 985 Issued Read (91) for address 0xf0
cpu1: 984 Issued Write (96) for address 0x4e8
cpu0: 988 Issued Read (9a) for address 0xbb4
cpu1: Received MemEvent with command 2 (response to 91, addr 0xf0) [Time: 41] [2 outstanding requests]
cpu1: Received MemEvent with command 4 (response to 86, addr 0x540) [Time: 173] [1 outstanding requests]
cpu1: 983 Issued Read (9f) for address 0xedc
cpu0: Received MemEvent with command 2 (response to 89, addr 0x184) [Time: 173] [1 outstanding requests]
cpu0: 987 Issued Write (a6) for address 0x92c
cpu0: 986 Issued Read (a8) for address 0x25c
cpu1: 982 Issued Read (ad) for address 0x2d8
cpu1: 981 Issued Read (b3) for address 0xca8
cpu1: 980 Issued Read (b5) for address 0xb80
cpu1: 979 Issued Read (ba) for address 0x58
cpu1: Received MemEvent with command 4 (response to 96, addr 0x4e8) [Time: 173] [5 outstanding requests]
cpu0: Received MemEvent with command 2 (response to 9a, addr 0xbb4) [Time: 173] [2 outstanding requests]
cpu1: Received MemEvent with command 2 (response to b5, addr 0xb80) [Time: 68] [4 outstanding requests]
cpu1: Received MemEvent with command 2 (response to 9f, addr 0xedc) [Time: 173] [3 outstanding requests]
cpu0: Received MemEvent with command 4 (response to a6, addr 0x92c) [Time: 173] [1 outstanding requests]
cpu0: Received MemEvent with command 2 (response to a8, addr 0x25c) [Time: 173] [0 outstanding requests]
cpu0: 985 Issued Read (cb) for address 0x104
cpu1: 978 Issued Read (cf) for address 0x9fc
cpu1: Received MemEvent with command 2 (response to ad, addr 0x2d8) [Time: 173] [3 outstanding requests]
cpu1: Received MemEvent with command 2 (response to b3, addr 0xca8) [Time: 173] [2 outstanding requests]
cpu0: 984 Issued Read (d5) for address 0x768
cpu1: Received MemEvent with command 2 (response to ba, addr 0x58) [Time: 173] [1 outstanding requests]
cpu0: Received MemEvent with command 2 (response to d5, addr 0x768) [Time: 41] [1 outstanding requests]
cpu0: 983 Issued Read (dc) for address 0xa6c
cpu1: 977 Issued Read (e2) for address 0xe88
cpu0: Received MemEvent with command 2 (response to cb, addr 0x104) [Time: 173] [1 outstanding requests]
cpu1: Received MemEvent with command 2 (response to cf, addr 0x9fc) [Time: 173] [1 outstanding requests]
cpu0: 982 Issued Read (e7) for address 0x9b8
cpu0: Received MemEvent with command 2 (response to dc, addr 0xa6c) [Time: 173] [1 outstanding requests]
cpu1: Received MemEvent with command 2 (response to e2, addr 0xe88) [Time: 173] [0 outstanding requests]
cpu0: Received MemEvent with command 2 (response to e7, addr 0x9b8) [Time: 173] [0 outstanding requests]
cpu0: 981 Issued Read (f2) for address 0xadc
cpu0: 980 Issued Read (f6) for address 0x110
cpu0: Received MemEvent with command 2 (response to f6, addr 0x110) [Time: 5] [1 outstanding requests]
cpu1: 976 Issued Read (f8) for address 0x38c
cpu0: 979 Issued Read (fa) for address 0xe48
cpu0: Received MemEvent with command 2 (response to fa, addr 0xe48) [Time: 5] [1 outstanding requests]
cpu1: 975 Issued Write (fd) for address 0xa34
cpu0: Received MemEvent with command 2 (response to f2, addr 0xadc) [Time: 173] [0 outstanding requests]
cpu0: 978 Issued Read (105) for address 0x17c
cpu0: 977 Issued Read (107) for address 0xd64
cpu1: Received MemEvent with command 2 (response to f8, addr 0x38c) [Time: 173] [1 outstanding requests]
cpu0: Received MemEvent with command 2 (response to 107, addr 0xd64) [Time: 76] [1 outstanding requests]
cpu1: Received MemEvent with command 4 (response to fd, addr 0xa34) [Time: 173] [0 outstanding requests]
cpu1: 974 Issued Read (113) for address 0x778
cpu1: Received MemEvent with command 2 (response to 113, addr 0x778) [Time: 5] [0 outstanding requests]
cpu1: 973 Issued Read (116) for address 0xdc8
cpu0: Received MemEvent with command 2 (response to 105, addr 0x17c) [Time: 173] [0 outstanding requests]
cpu0: 976 Issued Read (11b) for address 0x868
cpu0: 975 Issued Read (11d) for address 0x570
cpu0: Received MemEvent with command 2 (response to 11d, addr 0x570) [Time: 76] [1 outstanding requests]
cpu1: Received MemEvent with command 2 (response to 116, addr 0xdc8) [Time: 173] [0 outstanding requests]
cpu1: 972 Issued Read (127) for address 0x7c4
cpu1: 971 Issued Read (129) for address 0xc7c
cpu1: Received MemEvent with command 2 (response to 129, addr 0xc7c) [Time: 5] [1 outstanding requests]
cpu1: Received MemEvent with command 2 (response to 127, addr 0x7c4) [Time: 41] [0 outstanding requests]
cpu0: Received MemEvent with command 2 (response to 11b, addr 0x868) [Time: 173] [0 outstanding requests]
cpu1: 970 Issued Read (12f) for address 0xa98
cpu1: Received MemEvent with command 2 (response to 12f, addr 0xa98) [Time: 5] [0 outstanding requests]
cpu0: 974 Issued Read (131) for address 0x450
cpu0: Received MemEvent with command 2 (response to 131, addr 0x450) [Time: 41] [0 outstanding requests]
cpu1: 969 Issued Read (135) for address 0x340
cpu0: 973 Issued Read (138) for address 0xe30
cpu0: Received MemEvent with command 2 (response to 138, addr 0xe30) [Time: 41] [0 outstanding requests]
cpu1: Received MemEvent with command 2 (response to 135, addr 0x340) [Time: 173] [0 outstanding requests]
cpu0: 972 Issued Read (13f) for address 0x974
cpu1: 968 Issued Read (142) for address 0x1b8
cpu1: 967 Issued Read (146) for address 0xf38
cpu1: Received MemEvent with command 2 (response to 142, addr 0x1b8) [Time: 41] [1 outstanding requests]
cpu1: Received MemEvent with command 2 (response to 146, addr 0xf38) [Time: 41] [0 outstanding requests]
cpu0: Received MemEvent with command 2 (response to 13f, addr 0x974) [Time: 173] [0 outstanding requests]
cpu1: 966 Issued Read (14d) for address 0xd9c
cpu1: Received MemEvent with command 2 (response to 14d, addr 0xd9c) [Time: 5] [0 outstanding requests]
cpu1: 965 Issued Write (14f) for address 0x158
cpu1: 964 Issued Read (152) for address 0x470
cpu1: Received MemEvent with command 2 (response to 152, addr 0x470) [Time: 5] [1 outstanding requests]
cpu1: 963 Issued Read (156) for address 0x8bc
cpu1: 962 Issued Read (15a) for address 0x80
cpu1: Received MemEvent with command 2 (response to 15a, addr 0x80) [Time: 5] [2 outstanding requests]
cpu0: 971 Issued Write (15e) for address 0xe68
cpu0: Received MemEvent with command 4 (response to 15e, addr 0xe68) [Time: 5] [0 outstanding requests]
cpu1: 961 Issued Read (161) for address 0xfd0
cpu1: Received MemEvent with command 4 (response to 14f, addr 0x158) [Time: 173] [2 outstanding requests]
cpu1: 960 Issued Read (167) for address 0xb58
cpu1: Received MemEvent with command 2 (response to 156, addr 0x8bc) [Time: 173] [2 outstanding requests]
cpu1: 959 Issued Read (16a) for address 0x610
cpu1: 958 Issued Read (16c) for address 0x9e0
cpu0: 970 Issued Read (16e) for address 0x704
cpu1: Received MemEvent with command 2 (response to 16c, addr 0x9e0) [Time: 5] [3 outstanding requests]
cpu0: Received MemEvent with command 2 (response to 16e, addr 0x704) [Time: 5] [0 outstanding requests]
cpu1: Received MemEvent with command 2 (response to 161, addr 0xfd0) [Time: 173] [2 outstanding requests]
cpu0: 969 Issued Read (175) for address 0xe2c
cpu0: Received MemEvent with command 2 (response to 175, addr 0xe2c) [Time: 5] [0 outstanding requests]
cpu1: 957 Issued Read (178) for address 0xccc
cpu1: Received MemEvent with command 2 (response to 167, addr 0xb58) [Time: 173] [2 outstanding requests]
cpu1: Received MemEvent with command 2 (response to 16a, addr 0x610) [Time: 173] [1 outstanding requests]
cpu1: 956 Issued Read (17f) for address 0xb28
cpu0: 968 Issued Read (181) for address 0x864
cpu0: Received MemEvent with command 2 (response to 181, addr 0x864) [Time: 5] [0 outstanding requests]
cpu0: 967 Issued Write (184) for address 0x7fc
cpu0: 966 Issued Read (186) for address 0x9c
cpu1: Received MemEvent with command 2 (response to 17f, addr 0xb28) [Time: 41] [1 outstanding requests]
cpu0: Received MemEvent with command 2 (response to 186, addr 0x9c) [Time: 41] [1 outstanding requests]
cpu1: Received MemEvent with command 2 (response to 178, addr 0xccc) [Time: 173] [0 outstanding requests]
cpu0: 965 Issued Read (190) for address 0xc10
cpu1: 955 Issued Read (192) for address 0x394
cpu1: Received MemEvent with command 2 (response to 192, addr 0x394) [Time: 5] [0 outstanding requests]
cpu0: Received MemEvent with command 4 (response to 184, addr 0x7fc) [Time: 173] [1 outstanding requests]
cpu1: 954 Issued Read (199) for address 0x8a8
cpu1: Received MemEvent with command 2 (response to 199, addr 0x8a8) [Time: 5] [0 outstanding requests]
cpu0: Received MemEvent with command 2 (response to 190, addr 0xc10) [Time: 173] [0 outstanding requests]
cpu1: 953 Issued Read (19d) for address 0xb08
cpu1: Received MemEvent with command 2 (response to 19d, addr 0xb08) [Time: 5] [0 outstanding requests]
cpu0: 964 Issued Read (19f) for address 0xc90
cpu0: Received MemEvent with command 2 (response to 19f, addr 0xc90) [Time: 41] [0 outstanding requests]
cpu1: 952 Issued Read (1a3) for address 0x458
cpu1: Received MemEvent with command 2 (response to 1a3, addr 0x458) [Time: 5] [0 outstanding requests]
cpu1: 951 Issued Write (1a5) for address 0xd00
cpu1: 950 Issued Write (1aa) for address 0x3dc
cpu1: 949 Issued Read (1af) for address 0xb78
cpu1: Received MemEvent with command 2 (response to 1af, addr 0xb78) [Time: 5] [2 outstanding requests]
cpu1: Received MemEvent with command 4 (response to 1a5, addr 0xd00) [Time: 173] [1 outstanding requests]
cpu0: 963 Issued Read (1b3) for address 0xca4
cpu0: Received MemEvent with command 2 (response to 1b3, addr 0xca4) [Time: 5] [0 outstanding requests]
cpu1: 948 Issued Write (1b6) for address 0x7b0
cpu1: Received MemEvent with command 4 (response to 1aa, addr 0x3dc) [Time: 173] [1 outstanding requests]
cpu0: 962 Issued Read (1ba) for address 0x748
cpu0: Received MemEvent with command 2 (response to 1ba, addr 0x748) [Time: 5] [0 outstanding requests]
cpu1: 947 Issued Read (1be) for address 0x944
cpu1: Received MemEvent with command 2 (response to 1be, addr 0x944) [Time: 41] [1 outstanding requests]
cpu1: Received MemEvent with command 4 (response to 1b6, addr 0x7b0) [Time: 173] [0 outstanding requests]
--------------------------------------------------------------------
Name: c0.l1cache
--------------------------------------------------------------------
GetS-IS misses: 27
GetX-SM misses: 2
GetX-IM misses: 1
GetS hits: 35
GetX hits: 4
Total misses: 30
Total hits: 39
Hit Ratio:  56.522%
PutS received: 0
PutM received: 0
PUTS sent due to evictions: 0
PUTM sent due to evictions: 0
PUTM sent due to invalidations: 0
Invalidates recieved that locked due to user atomic lock: 0
Total instructions recieved: 71
Memory requests received (non-coherency related): 39

--------------------------------------------------------------------
Name: c1.l1cache
--------------------------------------------------------------------
GetS-IS misses: 30
GetX-SM misses: 0
GetX-IM misses: 8
GetS hits: 46
GetX hits: 8
Total misses: 38
Total hits: 54
Hit Ratio:  58.696%
PutS received: 0
PutM received: 0
PUTS sent due to evictions: 0
PUTM sent due to evictions: 0
PUTM sent due to invalidations: 2
Invalidates recieved that locked due to user atomic lock: 0
Total instructions recieved: 95
Memory requests received (non-coherency related): 54

TrivialCPU cpu0 Finished after 39 issued reads, 39 returned (4999 clocks)
Number of Pending Requests per Cycle (Binned by 2 Requests)
  [0, 2]  3857
  [2, 4]  1000
TrivialCPU cpu1 Finished after 54 issued reads, 54 returned (4999 clocks)
Number of Pending Requests per Cycle (Binned by 2 Requests)
  [0, 2]  3338
  [2, 4]  1559
  [4, 6]  75
--------------------------------------------------------------------
Name: l2cache
--------------------------------------------------------------------
GetS-IS misses: 43
GetX-SM misses: 4
GetX-IM misses: 7
GetS hits: 59
GetX hits: 11
Total misses: 54
Total hits: 70
Hit Ratio:  56.452%
PutS received: 0
PutM received: 2
PUTS sent due to evictions: 0
PUTM sent due to evictions: 0
PUTM sent due to invalidations: 0
Invalidates recieved that locked due to user atomic lock: 0
Total instructions recieved: 124
Memory requests received (non-coherency related): 68

Invalidates sent (non-eviction): 5
Invalidates sent due to evictions: 0
Simulation is complete, simulated time: 5 us
