Inserting stop event at cycle 10000ns, 10000000
cpu0: 1000 Issued Write (0) for address 0xe5c
cpu0: 999 Issued Read (1) for address 0x56c
cpu0: 998 Issued Read (2) for address 0x90c
cpu3: 1000 Issued Read (3) for address 0x1a4
cpu2: 1000 Issued Read (4) for address 0x358
cpu3: 999 Issued Read (5) for address 0xa80
cpu1: 1000 Issued Read (6) for address 0xa8
cpu0: 997 Issued Read (7) for address 0xb0c
cpu2: 999 Issued Read (8) for address 0x9cc
cpu0: 996 Issued Read (9) for address 0x704
cpu0: 995 Issued Read (10) for address 0xf1c
cpu2: 998 Issued Read (11) for address 0xb60
cpu3: 998 Issued Read (12) for address 0xa08
cpu3: 997 Issued Read (13) for address 0xdcc
cpu3: 996 Issued Read (14) for address 0xba4
cpu0: 994 Issued Read (15) for address 0x7e0
cpu2: 997 Issued Read (16) for address 0xa64
cpu3: 995 Issued Read (17) for address 0xdb0
cpu0: Received Request with command 3 (response to 0, addr 0xe5c) [Time: 293] [6 outstanding requests]
cpu2: 996 Issued Read (18) for address 0xb0
cpu1: 999 Issued Read (19) for address 0xdb4
cpu2: 995 Issued Read (20) for address 0xf4
cpu0: Received Request with command 2 (response to 1, addr 0x56c) [Time: 293] [5 outstanding requests]
cpu0: Received Request with command 2 (response to 2, addr 0x90c) [Time: 293] [4 outstanding requests]
cpu2: 994 Issued Read (21) for address 0xe28
cpu3: Received Request with command 2 (response to 3, addr 0x1a4) [Time: 293] [5 outstanding requests]
cpu2: Received Request with command 2 (response to 4, addr 0x358) [Time: 292] [6 outstanding requests]
cpu2: 993 Issued Read (22) for address 0xefc
cpu3: Received Request with command 2 (response to 5, addr 0xa80) [Time: 293] [4 outstanding requests]
cpu1: Received Request with command 2 (response to 6, addr 0xa8) [Time: 291] [1 outstanding requests]
cpu2: Received Request with command 2 (response to 18, addr 0xb0) [Time: 104] [6 outstanding requests]
cpu1: 998 Issued Read (23) for address 0xa9c
cpu0: 993 Issued Read (24) for address 0x66c
cpu0: Received Request with command 2 (response to 7, addr 0xb0c) [Time: 293] [4 outstanding requests]
cpu1: 997 Issued Read (25) for address 0x594
cpu2: Received Request with command 2 (response to 8, addr 0x9cc) [Time: 295] [5 outstanding requests]
cpu0: Received Request with command 2 (response to 9, addr 0x704) [Time: 293] [3 outstanding requests]
cpu0: 992 Issued Read (26) for address 0x234
cpu0: 991 Issued Read (27) for address 0x7c0
cpu1: 996 Issued Read (28) for address 0xc60
cpu0: Received Request with command 2 (response to 10, addr 0xf1c) [Time: 293] [4 outstanding requests]
cpu2: Received Request with command 2 (response to 11, addr 0xb60) [Time: 301] [4 outstanding requests]
cpu3: Received Request with command 2 (response to 12, addr 0xa08) [Time: 296] [3 outstanding requests]
cpu3: 994 Issued Read (29) for address 0x4fc
cpu1: Received Request with command 2 (response to 23, addr 0xa9c) [Time: 150] [3 outstanding requests]
cpu3: Received Request with command 2 (response to 13, addr 0xdcc) [Time: 326] [3 outstanding requests]
cpu3: Received Request with command 2 (response to 14, addr 0xba4) [Time: 306] [2 outstanding requests]
cpu0: Received Request with command 2 (response to 15, addr 0x7e0) [Time: 304] [3 outstanding requests]
cpu0: Received Request with command 2 (response to 27, addr 0x7c0) [Time: 85] [2 outstanding requests]
cpu2: 992 Issued Read (30) for address 0xe74
cpu2: Received Request with command 2 (response to 16, addr 0xa64) [Time: 295] [4 outstanding requests]
cpu3: Received Request with command 2 (response to 17, addr 0xdb0) [Time: 294] [1 outstanding requests]
cpu1: Received Request with command 2 (response to 19, addr 0xdb4) [Time: 273] [2 outstanding requests]
cpu1: 995 Issued Read (31) for address 0xd84
cpu2: 991 Issued Read (32) for address 0x2f4
cpu1: Received Request with command 2 (response to 31, addr 0xd84) [Time: 5] [2 outstanding requests]
cpu2: Received Request with command 2 (response to 20, addr 0xf4) [Time: 293] [4 outstanding requests]
cpu1: 994 Issued Read (33) for address 0x754
cpu3: 993 Issued Write (34) for address 0x2a0
cpu2: Received Request with command 2 (response to 21, addr 0xe28) [Time: 293] [3 outstanding requests]
cpu3: 992 Issued Read (35) for address 0x4f8
cpu1: 993 Issued Read (36) for address 0x290
cpu2: Received Request with command 2 (response to 22, addr 0xefc) [Time: 331] [2 outstanding requests]
cpu0: Received Request with command 2 (response to 24, addr 0x66c) [Time: 310] [1 outstanding requests]
cpu1: Received Request with command 2 (response to 25, addr 0x594) [Time: 307] [3 outstanding requests]
cpu0: Received Request with command 2 (response to 26, addr 0x234) [Time: 293] [0 outstanding requests]
cpu1: 992 Issued Read (37) for address 0x94
cpu1: Received Request with command 2 (response to 28, addr 0xc60) [Time: 299] [3 outstanding requests]
cpu1: Received Request with command 2 (response to 37, addr 0x94) [Time: 5] [2 outstanding requests]
cpu1: 991 Issued Read (38) for address 0xe04
cpu3: Received Request with command 2 (response to 29, addr 0x4fc) [Time: 294] [2 outstanding requests]
cpu3: Received Request with command 2 (response to 35, addr 0x4f8) [Time: 146] [1 outstanding requests]
cpu2: Received Request with command 2 (response to 30, addr 0xe74) [Time: 251] [1 outstanding requests]
cpu2: 990 Issued Read (39) for address 0xb68
cpu2: Received Request with command 2 (response to 39, addr 0xb68) [Time: 5] [1 outstanding requests]
cpu2: Received Request with command 2 (response to 32, addr 0x2f4) [Time: 293] [0 outstanding requests]
cpu1: 990 Issued Read (40) for address 0x44c
cpu3: 991 Issued Read (41) for address 0x4fc
cpu3: Received Request with command 2 (response to 41, addr 0x4fc) [Time: 5] [1 outstanding requests]
cpu1: Received Request with command 2 (response to 38, addr 0xe04) [Time: 150] [3 outstanding requests]
cpu1: Received Request with command 2 (response to 33, addr 0x754) [Time: 301] [2 outstanding requests]
cpu3: Received Request with command 3 (response to 34, addr 0x2a0) [Time: 294] [0 outstanding requests]
cpu1: 989 Issued Write (42) for address 0xd4c
cpu0: 990 Issued Read (43) for address 0xe8
cpu1: Received Request with command 2 (response to 36, addr 0x290) [Time: 372] [2 outstanding requests]
cpu1: 988 Issued Read (44) for address 0xd54
cpu2: 989 Issued Read (45) for address 0x318
cpu2: 988 Issued Read (46) for address 0x5b8
cpu0: Received Request with command 2 (response to 43, addr 0xe8) [Time: 150] [0 outstanding requests]
cpu3: 990 Issued Write (47) for address 0xd44
cpu1: Received Request with command 2 (response to 40, addr 0x44c) [Time: 293] [2 outstanding requests]
cpu3: 989 Issued Read (48) for address 0xb9c
cpu3: Received Request with command 2 (response to 48, addr 0xb9c) [Time: 5] [1 outstanding requests]
cpu2: 987 Issued Read (49) for address 0x484
cpu2: 986 Issued Read (50) for address 0x2f8
cpu2: Received Request with command 2 (response to 50, addr 0x2f8) [Time: 5] [3 outstanding requests]
cpu2: Received Request with command 2 (response to 46, addr 0x5b8) [Time: 150] [2 outstanding requests]
cpu1: Received Request with command 3 (response to 42, addr 0xd4c) [Time: 313] [1 outstanding requests]
cpu1: Received Request with command 2 (response to 44, addr 0xd54) [Time: 156] [0 outstanding requests]
cpu2: 985 Issued Read (51) for address 0x6ec
cpu3: 988 Issued Read (52) for address 0xf08
cpu1: 987 Issued Write (53) for address 0x540
cpu3: 987 Issued Read (54) for address 0xa18
cpu0: 989 Issued Read (55) for address 0x184
cpu3: Received Request with command 2 (response to 54, addr 0xa18) [Time: 5] [2 outstanding requests]
cpu2: 984 Issued Read (56) for address 0xe24
cpu2: Received Request with command 2 (response to 56, addr 0xe24) [Time: 5] [3 outstanding requests]
cpu3: 986 Issued Read (57) for address 0x8f4
cpu1: 986 Issued Read (58) for address 0x2b8
cpu1: Received Request with command 2 (response to 58, addr 0x2b8) [Time: 5] [1 outstanding requests]
cpu1: 985 Issued Read (59) for address 0xf0
cpu2: 983 Issued Read (60) for address 0x808
cpu3: Received Request with command 2 (response to 52, addr 0xf08) [Time: 150] [2 outstanding requests]
cpu1: 984 Issued Write (61) for address 0x4e8
cpu0: 988 Issued Read (62) for address 0xbb4
cpu0: Received Request with command 2 (response to 55, addr 0x184) [Time: 150] [1 outstanding requests]
cpu2: Received Request with command 2 (response to 45, addr 0x318) [Time: 340] [3 outstanding requests]
cpu3: Received Request with command 3 (response to 47, addr 0xd44) [Time: 289] [1 outstanding requests]
cpu1: Received Request with command 2 (response to 59, addr 0xf0) [Time: 57] [2 outstanding requests]
cpu3: 985 Issued Read (63) for address 0xbf4
cpu1: 983 Issued Read (64) for address 0xedc
cpu0: 987 Issued Write (65) for address 0x92c
cpu0: 986 Issued Read (66) for address 0x25c
cpu2: Received Request with command 2 (response to 49, addr 0x484) [Time: 293] [2 outstanding requests]
cpu3: 984 Issued Read (67) for address 0xea8
cpu1: 982 Issued Read (68) for address 0x2d8
cpu1: 981 Issued Read (69) for address 0xca8
cpu2: 982 Issued Read (70) for address 0xa48
cpu1: 980 Issued Read (71) for address 0xb80
cpu2: Received Request with command 2 (response to 70, addr 0xa48) [Time: 5] [2 outstanding requests]
cpu3: 983 Issued Read (72) for address 0xb04
cpu1: 979 Issued Read (73) for address 0x58
cpu0: Received Request with command 2 (response to 62, addr 0xbb4) [Time: 150] [2 outstanding requests]
cpu2: Received Request with command 2 (response to 51, addr 0x6ec) [Time: 328] [1 outstanding requests]
cpu1: Received Request with command 2 (response to 71, addr 0xb80) [Time: 57] [6 outstanding requests]
cpu1: Received Request with command 2 (response to 64, addr 0xedc) [Time: 150] [5 outstanding requests]
cpu2: 981 Issued Read (74) for address 0xe60
cpu1: Received Request with command 3 (response to 53, addr 0x540) [Time: 347] [4 outstanding requests]
cpu2: Received Request with command 2 (response to 74, addr 0xe60) [Time: 5] [1 outstanding requests]
cpu2: 980 Issued Write (75) for address 0xfa4
cpu3: 982 Issued Read (76) for address 0x54
cpu1: Received Request with command 2 (response to 68, addr 0x2d8) [Time: 150] [3 outstanding requests]
cpu3: Received Request with command 2 (response to 57, addr 0x8f4) [Time: 319] [4 outstanding requests]
cpu2: 979 Issued Read (77) for address 0xacc
cpu0: 985 Issued Read (78) for address 0x104
cpu1: 978 Issued Read (79) for address 0x9fc
cpu0: 984 Issued Read (80) for address 0x768
cpu3: Received Request with command 2 (response to 72, addr 0xb04) [Time: 150] [3 outstanding requests]
cpu2: Received Request with command 2 (response to 60, addr 0x808) [Time: 307] [2 outstanding requests]
cpu2: 978 Issued Read (81) for address 0xc48
cpu0: 983 Issued Read (82) for address 0xa6c
cpu0: Received Request with command 2 (response to 80, addr 0x768) [Time: 57] [4 outstanding requests]
cpu1: Received Request with command 3 (response to 61, addr 0x4e8) [Time: 348] [3 outstanding requests]
cpu0: Received Request with command 3 (response to 65, addr 0x92c) [Time: 301] [3 outstanding requests]
cpu0: Received Request with command 2 (response to 66, addr 0x25c) [Time: 293] [2 outstanding requests]
cpu3: Received Request with command 2 (response to 63, addr 0xbf4) [Time: 326] [2 outstanding requests]
cpu3: 981 Issued Read (83) for address 0xb80
cpu3: Received Request with command 2 (response to 83, addr 0xb80) [Time: 5] [2 outstanding requests]
cpu1: Received Request with command 2 (response to 79, addr 0x9fc) [Time: 150] [2 outstanding requests]
cpu3: Received Request with command 2 (response to 67, addr 0xea8) [Time: 323] [1 outstanding requests]
cpu1: Received Request with command 2 (response to 69, addr 0xca8) [Time: 300] [1 outstanding requests]
cpu1: 977 Issued Read (84) for address 0xe88
cpu3: 980 Issued Read (85) for address 0x94
cpu0: 982 Issued Read (86) for address 0x9b8
cpu1: Received Request with command 2 (response to 73, addr 0x58) [Time: 322] [1 outstanding requests]
cpu3: Received Request with command 2 (response to 85, addr 0x94) [Time: 57] [1 outstanding requests]
cpu2: Received Request with command 2 (response to 81, addr 0xc48) [Time: 158] [2 outstanding requests]
cpu3: Received Request with command 2 (response to 76, addr 0x54) [Time: 264] [0 outstanding requests]
cpu0: Received Request with command 2 (response to 82, addr 0xa6c) [Time: 150] [2 outstanding requests]
cpu2: Received Request with command 3 (response to 75, addr 0xfa4) [Time: 293] [1 outstanding requests]
cpu3: 979 Issued Read (87) for address 0xb88
cpu3: Received Request with command 2 (response to 87, addr 0xb88) [Time: 5] [0 outstanding requests]
cpu1: Received Request with command 2 (response to 84, addr 0xe88) [Time: 150] [0 outstanding requests]
cpu2: Received Request with command 2 (response to 77, addr 0xacc) [Time: 328] [0 outstanding requests]
cpu0: Received Request with command 2 (response to 78, addr 0x104) [Time: 316] [1 outstanding requests]
cpu3: 978 Issued Read (88) for address 0xe40
cpu2: 977 Issued Read (89) for address 0xb9c
cpu3: 977 Issued Read (90) for address 0x94
cpu2: 976 Issued Read (91) for address 0x714
cpu3: Received Request with command 2 (response to 90, addr 0x94) [Time: 5] [1 outstanding requests]
cpu3: Received Request with command 2 (response to 88, addr 0xe40) [Time: 59] [0 outstanding requests]
cpu2: Received Request with command 2 (response to 89, addr 0xb9c) [Time: 57] [1 outstanding requests]
cpu2: 975 Issued Read (92) for address 0x8f8
cpu3: 976 Issued Read (93) for address 0x42c
cpu2: 974 Issued Write (94) for address 0xcd4
cpu3: 975 Issued Read (95) for address 0x48
cpu3: Received Request with command 2 (response to 95, addr 0x48) [Time: 5] [1 outstanding requests]
cpu0: 981 Issued Read (96) for address 0xadc
cpu2: Received Request with command 2 (response to 92, addr 0x8f8) [Time: 57] [2 outstanding requests]
cpu0: Received Request with command 2 (response to 86, addr 0x9b8) [Time: 293] [1 outstanding requests]
cpu0: 980 Issued Read (97) for address 0x110
cpu0: Received Request with command 2 (response to 97, addr 0x110) [Time: 5] [1 outstanding requests]
cpu1: 976 Issued Read (98) for address 0x38c
cpu0: 979 Issued Read (99) for address 0xe48
cpu2: Received Request with command 2 (response to 91, addr 0x714) [Time: 150] [1 outstanding requests]
cpu2: 973 Issued Read (100) for address 0x18c
cpu3: 974 Issued Read (101) for address 0x854
cpu1: 975 Issued Write (102) for address 0xa34
cpu0: Received Request with command 2 (response to 99, addr 0xe48) [Time: 57] [1 outstanding requests]
cpu2: Received Request with command 2 (response to 100, addr 0x18c) [Time: 57] [1 outstanding requests]
cpu3: 973 Issued Read (103) for address 0xa3c
cpu3: Received Request with command 2 (response to 103, addr 0xa3c) [Time: 5] [2 outstanding requests]
cpu0: Received Request with command 2 (response to 96, addr 0xadc) [Time: 150] [0 outstanding requests]
cpu0: 978 Issued Read (104) for address 0x17c
cpu0: 977 Issued Read (105) for address 0xd64
cpu2: 972 Issued Read (106) for address 0x1c8
cpu3: 972 Issued Read (107) for address 0x188
cpu3: Received Request with command 2 (response to 107, addr 0x188) [Time: 5] [2 outstanding requests]
cpu2: 971 Issued Read (108) for address 0x594
cpu2: Received Request with command 2 (response to 108, addr 0x594) [Time: 5] [2 outstanding requests]
cpu3: Received Request with command 2 (response to 93, addr 0x42c) [Time: 293] [1 outstanding requests]
cpu3: 971 Issued Read (109) for address 0x320
cpu1: 974 Issued Read (110) for address 0x778
cpu1: Received Request with command 2 (response to 110, addr 0x778) [Time: 5] [2 outstanding requests]
cpu2: 970 Issued Read (111) for address 0x170
cpu2: Received Request with command 3 (response to 94, addr 0xcd4) [Time: 293] [2 outstanding requests]
cpu2: 969 Issued Read (112) for address 0xf68
cpu3: 970 Issued Read (113) for address 0x7f8
cpu3: Received Request with command 2 (response to 109, addr 0x320) [Time: 57] [2 outstanding requests]
cpu1: 973 Issued Read (114) for address 0xdc8
cpu2: 968 Issued Read (115) for address 0x344
cpu2: Received Request with command 2 (response to 115, addr 0x344) [Time: 5] [3 outstanding requests]
cpu1: Received Request with command 2 (response to 98, addr 0x38c) [Time: 293] [2 outstanding requests]
cpu3: Received Request with command 2 (response to 101, addr 0x854) [Time: 293] [1 outstanding requests]
cpu2: 967 Issued Read (116) for address 0x120
cpu2: 966 Issued Read (117) for address 0x134
cpu0: 976 Issued Read (118) for address 0x868
cpu0: 975 Issued Read (119) for address 0x570
cpu1: Received Request with command 3 (response to 102, addr 0xa34) [Time: 346] [1 outstanding requests]
cpu3: Received Request with command 2 (response to 113, addr 0x7f8) [Time: 150] [0 outstanding requests]
cpu0: Received Request with command 2 (response to 105, addr 0xd64) [Time: 280] [3 outstanding requests]
cpu2: 965 Issued Read (120) for address 0xc30
cpu2: Received Request with command 2 (response to 111, addr 0x170) [Time: 219] [5 outstanding requests]
cpu1: Received Request with command 2 (response to 114, addr 0xdc8) [Time: 152] [0 outstanding requests]
cpu0: Received Request with command 2 (response to 104, addr 0x17c) [Time: 315] [2 outstanding requests]
cpu1: 972 Issued Read (121) for address 0x7c4
cpu1: 971 Issued Read (122) for address 0xc7c
cpu3: 969 Issued Read (123) for address 0xf4
cpu1: Received Request with command 2 (response to 122, addr 0xc7c) [Time: 5] [1 outstanding requests]
cpu0: Received Request with command 2 (response to 119, addr 0x570) [Time: 100] [1 outstanding requests]
cpu2: Received Request with command 2 (response to 116, addr 0x120) [Time: 150] [4 outstanding requests]
cpu2: Received Request with command 2 (response to 117, addr 0x134) [Time: 140] [3 outstanding requests]
cpu2: Received Request with command 2 (response to 106, addr 0x1c8) [Time: 314] [2 outstanding requests]
cpu1: Received Request with command 2 (response to 121, addr 0x7c4) [Time: 57] [0 outstanding requests]
cpu0: Received Request with command 2 (response to 118, addr 0x868) [Time: 150] [0 outstanding requests]
cpu3: Received Request with command 2 (response to 123, addr 0xf4) [Time: 57] [0 outstanding requests]
cpu2: Received Request with command 2 (response to 112, addr 0xf68) [Time: 293] [1 outstanding requests]
cpu1: 970 Issued Read (124) for address 0xa98
cpu1: Received Request with command 2 (response to 124, addr 0xa98) [Time: 5] [0 outstanding requests]
cpu0: 974 Issued Read (125) for address 0x450
cpu2: Received Request with command 2 (response to 120, addr 0xc30) [Time: 293] [0 outstanding requests]
cpu3: 968 Issued Write (126) for address 0xb1c
cpu2: 964 Issued Read (127) for address 0x30
cpu0: Received Request with command 2 (response to 125, addr 0x450) [Time: 57] [0 outstanding requests]
cpu1: 969 Issued Read (128) for address 0x340
cpu2: 963 Issued Write (129) for address 0x4d4
cpu0: 973 Issued Read (130) for address 0xe30
cpu3: 967 Issued Read (131) for address 0x528
cpu0: Received Request with command 2 (response to 130, addr 0xe30) [Time: 57] [0 outstanding requests]
cpu2: 962 Issued Read (132) for address 0xf08
cpu1: Received Request with command 2 (response to 128, addr 0x340) [Time: 150] [0 outstanding requests]
cpu2: Received Request with command 2 (response to 132, addr 0xf08) [Time: 57] [2 outstanding requests]
cpu0: 972 Issued Read (133) for address 0x974
cpu3: 966 Issued Read (134) for address 0xb5c
cpu1: 968 Issued Read (135) for address 0x1b8
cpu3: Received Request with command 3 (response to 126, addr 0xb1c) [Time: 343] [2 outstanding requests]
cpu2: Received Request with command 2 (response to 127, addr 0x30) [Time: 327] [1 outstanding requests]
cpu1: 967 Issued Read (136) for address 0xf38
cpu3: Received Request with command 2 (response to 134, addr 0xb5c) [Time: 57] [1 outstanding requests]
cpu2: Received Request with command 3 (response to 129, addr 0x4d4) [Time: 245] [0 outstanding requests]
cpu2: 961 Issued Read (137) for address 0xa28
cpu1: Received Request with command 2 (response to 135, addr 0x1b8) [Time: 57] [1 outstanding requests]
cpu1: Received Request with command 2 (response to 136, addr 0xf38) [Time: 57] [0 outstanding requests]
cpu2: 960 Issued Read (138) for address 0x49c
cpu2: Received Request with command 2 (response to 138, addr 0x49c) [Time: 5] [1 outstanding requests]
cpu3: Received Request with command 2 (response to 131, addr 0x528) [Time: 293] [0 outstanding requests]
cpu2: 959 Issued Read (139) for address 0xf8
cpu1: 966 Issued Read (140) for address 0xd9c
cpu2: Received Request with command 2 (response to 139, addr 0xf8) [Time: 5] [1 outstanding requests]
cpu1: Received Request with command 2 (response to 140, addr 0xd9c) [Time: 5] [0 outstanding requests]
cpu2: 958 Issued Read (141) for address 0xa88
cpu1: 965 Issued Write (142) for address 0x158
cpu0: Received Request with command 2 (response to 133, addr 0x974) [Time: 296] [0 outstanding requests]
cpu1: 964 Issued Read (143) for address 0x470
cpu1: Received Request with command 2 (response to 143, addr 0x470) [Time: 5] [1 outstanding requests]
cpu2: Received Request with command 2 (response to 141, addr 0xa88) [Time: 57] [1 outstanding requests]
cpu2: Received Request with command 2 (response to 137, addr 0xa28) [Time: 252] [0 outstanding requests]
cpu1: 963 Issued Read (144) for address 0x8bc
cpu3: 965 Issued Read (145) for address 0x8cc
cpu3: Received Request with command 2 (response to 145, addr 0x8cc) [Time: 5] [0 outstanding requests]
cpu1: 962 Issued Read (146) for address 0x80
cpu1: Received Request with command 2 (response to 146, addr 0x80) [Time: 5] [2 outstanding requests]
cpu2: 957 Issued Read (147) for address 0x68c
cpu3: 964 Issued Read (148) for address 0x84
cpu0: 971 Issued Write (149) for address 0xe68
cpu3: Received Request with command 2 (response to 148, addr 0x84) [Time: 5] [0 outstanding requests]
cpu1: 961 Issued Read (150) for address 0xfd0
cpu2: 956 Issued Read (151) for address 0x134
cpu2: Received Request with command 2 (response to 151, addr 0x134) [Time: 5] [1 outstanding requests]
cpu1: 960 Issued Read (152) for address 0xb58
cpu1: 959 Issued Read (153) for address 0x610
cpu1: 958 Issued Read (154) for address 0x9e0
cpu0: 970 Issued Read (155) for address 0x704
cpu1: Received Request with command 2 (response to 154, addr 0x9e0) [Time: 5] [5 outstanding requests]
cpu0: Received Request with command 2 (response to 155, addr 0x704) [Time: 5] [1 outstanding requests]
cpu0: Received Request with command 3 (response to 149, addr 0xe68) [Time: 150] [0 outstanding requests]
cpu0: 969 Issued Read (156) for address 0xe2c
cpu0: Received Request with command 2 (response to 156, addr 0xe2c) [Time: 5] [0 outstanding requests]
cpu1: Received Request with command 3 (response to 142, addr 0x158) [Time: 353] [4 outstanding requests]
cpu1: Received Request with command 2 (response to 152, addr 0xb58) [Time: 150] [3 outstanding requests]
cpu1: Received Request with command 2 (response to 144, addr 0x8bc) [Time: 322] [2 outstanding requests]
cpu1: 957 Issued Read (157) for address 0xccc
cpu2: 955 Issued Read (158) for address 0xf68
cpu2: Received Request with command 2 (response to 158, addr 0xf68) [Time: 5] [1 outstanding requests]
cpu2: Received Request with command 2 (response to 147, addr 0x68c) [Time: 293] [0 outstanding requests]
cpu2: 954 Issued Read (159) for address 0xb9c
cpu2: Received Request with command 2 (response to 159, addr 0xb9c) [Time: 5] [0 outstanding requests]
cpu1: 956 Issued Read (160) for address 0xb28
cpu0: 968 Issued Read (161) for address 0x864
cpu0: Received Request with command 2 (response to 161, addr 0x864) [Time: 5] [0 outstanding requests]
cpu1: Received Request with command 2 (response to 150, addr 0xfd0) [Time: 293] [3 outstanding requests]
cpu0: 967 Issued Write (162) for address 0x7fc
cpu2: 953 Issued Read (163) for address 0xb04
cpu0: 966 Issued Read (164) for address 0x9c
cpu3: 963 Issued Read (165) for address 0x530
cpu0: Received Request with command 2 (response to 164, addr 0x9c) [Time: 57] [1 outstanding requests]
cpu1: Received Request with command 2 (response to 153, addr 0x610) [Time: 293] [2 outstanding requests]
cpu3: Received Request with command 2 (response to 165, addr 0x530) [Time: 5] [0 outstanding requests]
cpu0: 965 Issued Read (166) for address 0xc10
cpu2: 952 Issued Read (167) for address 0xe3c
cpu1: 955 Issued Read (168) for address 0x394
cpu2: Received Request with command 2 (response to 167, addr 0xe3c) [Time: 5] [1 outstanding requests]
cpu1: Received Request with command 2 (response to 168, addr 0x394) [Time: 5] [2 outstanding requests]
cpu2: Received Request with command 2 (response to 163, addr 0xb04) [Time: 109] [0 outstanding requests]
cpu2: 951 Issued Read (169) for address 0x8b4
cpu3: 962 Issued Read (170) for address 0x47c
cpu3: 961 Issued Read (171) for address 0x7f0
cpu1: Received Request with command 2 (response to 157, addr 0xccc) [Time: 245] [1 outstanding requests]
cpu3: Received Request with command 2 (response to 171, addr 0x7f0) [Time: 5] [1 outstanding requests]
cpu1: Received Request with command 2 (response to 160, addr 0xb28) [Time: 193] [0 outstanding requests]
cpu1: 954 Issued Read (172) for address 0x8a8
cpu1: Received Request with command 2 (response to 172, addr 0x8a8) [Time: 5] [0 outstanding requests]
cpu2: 950 Issued Read (173) for address 0x940
cpu0: Received Request with command 2 (response to 166, addr 0xc10) [Time: 150] [1 outstanding requests]
cpu3: 960 Issued Read (174) for address 0xda4
cpu3: Received Request with command 2 (response to 174, addr 0xda4) [Time: 5] [1 outstanding requests]
cpu2: 949 Issued Read (175) for address 0x658
cpu2: 948 Issued Read (176) for address 0x334
cpu2: Received Request with command 2 (response to 176, addr 0x334) [Time: 5] [3 outstanding requests]
cpu1: 953 Issued Read (177) for address 0xb08
cpu1: Received Request with command 2 (response to 177, addr 0xb08) [Time: 5] [0 outstanding requests]
cpu2: Received Request with command 2 (response to 169, addr 0x8b4) [Time: 150] [2 outstanding requests]
cpu3: Received Request with command 2 (response to 170, addr 0x47c) [Time: 150] [0 outstanding requests]
cpu0: 964 Issued Read (178) for address 0xc90
cpu3: 959 Issued Read (179) for address 0x290
cpu2: 947 Issued Write (180) for address 0xe20
cpu0: Received Request with command 3 (response to 162, addr 0x7fc) [Time: 353] [1 outstanding requests]
cpu0: Received Request with command 2 (response to 178, addr 0xc90) [Time: 57] [0 outstanding requests]
cpu3: Received Request with command 2 (response to 179, addr 0x290) [Time: 57] [0 outstanding requests]
cpu2: Received Request with command 2 (response to 173, addr 0x940) [Time: 152] [2 outstanding requests]
cpu2: 946 Issued Read (181) for address 0x2d4
cpu2: Received Request with command 2 (response to 181, addr 0x2d4) [Time: 5] [2 outstanding requests]
cpu1: 952 Issued Read (182) for address 0x458
cpu1: Received Request with command 2 (response to 182, addr 0x458) [Time: 5] [0 outstanding requests]
cpu2: 945 Issued Read (183) for address 0xb0c
cpu2: Received Request with command 2 (response to 175, addr 0x658) [Time: 150] [2 outstanding requests]
cpu3: 958 Issued Read (184) for address 0xa04
cpu2: 944 Issued Read (185) for address 0xbb0
cpu2: Received Request with command 2 (response to 185, addr 0xbb0) [Time: 5] [2 outstanding requests]
cpu2: Received Request with command 2 (response to 183, addr 0xb0c) [Time: 57] [1 outstanding requests]
cpu3: Received Request with command 2 (response to 184, addr 0xa04) [Time: 57] [0 outstanding requests]
cpu2: 943 Issued Read (186) for address 0xf10
cpu2: Received Request with command 2 (response to 186, addr 0xf10) [Time: 5] [1 outstanding requests]
cpu3: 957 Issued Write (187) for address 0x774
cpu1: 951 Issued Write (188) for address 0xd00
cpu3: 956 Issued Read (189) for address 0x29c
cpu3: Received Request with command 2 (response to 189, addr 0x29c) [Time: 5] [1 outstanding requests]
cpu1: 950 Issued Write (190) for address 0x3dc
cpu2: Received Request with command 3 (response to 180, addr 0xe20) [Time: 343] [0 outstanding requests]
cpu2: 942 Issued Read (191) for address 0xfbc
cpu2: Received Request with command 2 (response to 191, addr 0xfbc) [Time: 5] [0 outstanding requests]
cpu1: 949 Issued Read (192) for address 0xb78
cpu1: Received Request with command 2 (response to 192, addr 0xb78) [Time: 5] [2 outstanding requests]
cpu3: 955 Issued Read (193) for address 0x9d4
cpu2: 941 Issued Read (194) for address 0xd00
cpu0: 963 Issued Read (195) for address 0xca4
cpu0: Received Request with command 2 (response to 195, addr 0xca4) [Time: 5] [0 outstanding requests]
cpu3: Received Request with command 2 (response to 193, addr 0x9d4) [Time: 57] [1 outstanding requests]
cpu1: 948 Issued Write (196) for address 0x7b0
cpu0: 962 Issued Read (197) for address 0x748
cpu0: Received Request with command 2 (response to 197, addr 0x748) [Time: 5] [0 outstanding requests]
cpu1: 947 Issued Read (198) for address 0x944
cpu1: Received Request with command 2 (response to 198, addr 0x944) [Time: 57] [3 outstanding requests]
cpu3: Received Request with command 3 (response to 187, addr 0x774) [Time: 343] [0 outstanding requests]
cpu1: Received Request with command 3 (response to 188, addr 0xd00) [Time: 344] [2 outstanding requests]
cpu1: Received Request with command 3 (response to 190, addr 0x3dc) [Time: 300] [1 outstanding requests]
cpu3: 954 Issued Read (199) for address 0x950
cpu3: 953 Issued Read (200) for address 0xdf4
cpu3: Received Request with command 2 (response to 200, addr 0xdf4) [Time: 5] [1 outstanding requests]
cpu2: 940 Issued Read (201) for address 0x948
cpu2: Received Request with command 2 (response to 201, addr 0x948) [Time: 5] [1 outstanding requests]
cpu3: 952 Issued Read (202) for address 0xcec
cpu3: Received Request with command 2 (response to 199, addr 0x950) [Time: 57] [1 outstanding requests]
cpu2: Received Request with command 2 (response to 194, addr 0xd00) [Time: 262] [0 outstanding requests]
cpu0: 961 Issued Read (203) for address 0x714
cpu0: Received Request with command 2 (response to 203, addr 0x714) [Time: 5] [0 outstanding requests]
cpu3: Received Request with command 2 (response to 202, addr 0xcec) [Time: 57] [0 outstanding requests]
cpu2: 939 Issued Read (204) for address 0xa9c
cpu3: 951 Issued Write (205) for address 0x364
cpu2: Received Request with command 2 (response to 204, addr 0xa9c) [Time: 5] [0 outstanding requests]
cpu1: Received Request with command 3 (response to 196, addr 0x7b0) [Time: 293] [0 outstanding requests]
cpu3: 950 Issued Write (206) for address 0x958
cpu2: 938 Issued Read (207) for address 0x378
cpu2: Received Request with command 2 (response to 207, addr 0x378) [Time: 5] [0 outstanding requests]
cpu0: 960 Issued Read (208) for address 0x284
cpu2: 937 Issued Read (209) for address 0xf10
cpu2: Received Request with command 2 (response to 209, addr 0xf10) [Time: 5] [0 outstanding requests]
cpu3: 949 Issued Read (210) for address 0x764
cpu3: Received Request with command 2 (response to 210, addr 0x764) [Time: 5] [2 outstanding requests]
cpu1: 946 Issued Read (211) for address 0x910
cpu1: 945 Issued Read (212) for address 0x368
cpu0: Received Request with command 2 (response to 208, addr 0x284) [Time: 57] [0 outstanding requests]
cpu1: Received Request with command 2 (response to 212, addr 0x368) [Time: 5] [1 outstanding requests]
cpu0: 959 Issued Read (213) for address 0x4a8
cpu2: 936 Issued Read (214) for address 0x9d0
cpu2: Received Request with command 2 (response to 214, addr 0x9d0) [Time: 5] [0 outstanding requests]
cpu1: 944 Issued Read (215) for address 0x884
cpu2: 935 Issued Read (216) for address 0x790
cpu1: Received Request with command 2 (response to 215, addr 0x884) [Time: 5] [1 outstanding requests]
cpu0: 958 Issued Read (217) for address 0xcec
cpu1: Received Request with command 2 (response to 211, addr 0x910) [Time: 100] [0 outstanding requests]
cpu1: 943 Issued Read (218) for address 0x844
cpu1: 942 Issued Read (219) for address 0x44
cpu2: 934 Issued Read (220) for address 0x38c
cpu1: Received Request with command 2 (response to 219, addr 0x44) [Time: 5] [1 outstanding requests]
cpu0: 957 Issued Read (221) for address 0x1f0
cpu0: Received Request with command 2 (response to 217, addr 0xcec) [Time: 58] [2 outstanding requests]
cpu3: 948 Issued Read (222) for address 0xff4
cpu1: Received Request with command 2 (response to 218, addr 0x844) [Time: 57] [0 outstanding requests]
cpu0: Received Request with command 2 (response to 213, addr 0x4a8) [Time: 152] [1 outstanding requests]
cpu2: 933 Issued Read (223) for address 0x118
cpu2: Received Request with command 2 (response to 223, addr 0x118) [Time: 5] [2 outstanding requests]
cpu2: 932 Issued Read (224) for address 0xf48
cpu2: Received Request with command 2 (response to 224, addr 0xf48) [Time: 5] [2 outstanding requests]
cpu1: 941 Issued Read (225) for address 0xdb0
cpu1: 940 Issued Read (226) for address 0xa28
cpu0: 956 Issued Read (227) for address 0xa68
cpu1: Received Request with command 2 (response to 225, addr 0xdb0) [Time: 5] [1 outstanding requests]
cpu0: 955 Issued Read (228) for address 0xc8c
cpu0: Received Request with command 2 (response to 227, addr 0xa68) [Time: 5] [2 outstanding requests]
cpu0: Received Request with command 2 (response to 228, addr 0xc8c) [Time: 5] [1 outstanding requests]
cpu3: 947 Issued Read (229) for address 0x500
cpu3: Received Request with command 2 (response to 229, addr 0x500) [Time: 5] [3 outstanding requests]
cpu3: 946 Issued Read (230) for address 0x3f0
cpu3: Received Request with command 3 (response to 205, addr 0x364) [Time: 353] [3 outstanding requests]
cpu0: 954 Issued Read (231) for address 0x760
cpu3: Received Request with command 3 (response to 206, addr 0x958) [Time: 353] [2 outstanding requests]
cpu2: Received Request with command 2 (response to 220, addr 0x38c) [Time: 152] [1 outstanding requests]
cpu1: Received Request with command 2 (response to 226, addr 0xa28) [Time: 57] [0 outstanding requests]
cpu0: Received Request with command 2 (response to 221, addr 0x1f0) [Time: 153] [1 outstanding requests]
cpu3: 945 Issued Read (232) for address 0x454
cpu3: Received Request with command 2 (response to 232, addr 0x454) [Time: 5] [2 outstanding requests]
cpu3: 944 Issued Read (233) for address 0xd18
cpu0: 953 Issued Read (234) for address 0xfb4
cpu3: Received Request with command 2 (response to 222, addr 0xff4) [Time: 150] [2 outstanding requests]
cpu2: Received Request with command 2 (response to 216, addr 0x790) [Time: 276] [0 outstanding requests]
cpu2: 931 Issued Read (235) for address 0xd8
cpu2: Received Request with command 2 (response to 235, addr 0xd8) [Time: 5] [0 outstanding requests]
cpu1: 939 Issued Read (236) for address 0x160
cpu1: Received Request with command 2 (response to 236, addr 0x160) [Time: 5] [0 outstanding requests]
cpu2: 930 Issued Read (237) for address 0xc84
cpu3: Received Request with command 2 (response to 233, addr 0xd18) [Time: 57] [1 outstanding requests]
cpu0: 952 Issued Read (238) for address 0x72c
cpu0: Received Request with command 2 (response to 238, addr 0x72c) [Time: 5] [2 outstanding requests]
cpu0: 951 Issued Read (239) for address 0x604
cpu0: Received Request with command 2 (response to 239, addr 0x604) [Time: 57] [2 outstanding requests]
cpu2: 929 Issued Read (240) for address 0x66c
cpu2: 928 Issued Read (241) for address 0x178
cpu2: Received Request with command 2 (response to 240, addr 0x66c) [Time: 5] [2 outstanding requests]
cpu2: 927 Issued Read (242) for address 0x22c
cpu2: 926 Issued Write (243) for address 0x784
cpu3: 943 Issued Read (244) for address 0x344
cpu3: Received Request with command 2 (response to 244, addr 0x344) [Time: 5] [1 outstanding requests]
cpu3: 942 Issued Read (245) for address 0xd4c
cpu0: 950 Issued Read (246) for address 0x280
cpu0: Received Request with command 2 (response to 246, addr 0x280) [Time: 5] [2 outstanding requests]
cpu2: Received Request with command 2 (response to 237, addr 0xc84) [Time: 158] [3 outstanding requests]
cpu3: Received Request with command 2 (response to 230, addr 0x3f0) [Time: 271] [1 outstanding requests]
cpu0: Received Request with command 2 (response to 231, addr 0x760) [Time: 245] [1 outstanding requests]
cpu0: 949 Issued Read (247) for address 0x948
cpu3: Received Request with command 2 (response to 245, addr 0xd4c) [Time: 57] [0 outstanding requests]
cpu1: 938 Issued Write (248) for address 0x25c
cpu2: 925 Issued Read (249) for address 0x334
cpu2: Received Request with command 2 (response to 249, addr 0x334) [Time: 5] [3 outstanding requests]
cpu2: Received Request with command 2 (response to 242, addr 0x22c) [Time: 150] [2 outstanding requests]
cpu1: 937 Issued Read (250) for address 0x5f8
cpu0: Received Request with command 2 (response to 234, addr 0xfb4) [Time: 298] [1 outstanding requests]
cpu2: 924 Issued Read (251) for address 0x360
cpu2: Received Request with command 3 (response to 243, addr 0x784) [Time: 150] [2 outstanding requests]
cpu2: Received Request with command 2 (response to 241, addr 0x178) [Time: 247] [1 outstanding requests]
cpu2: Received Request with command 2 (response to 251, addr 0x360) [Time: 100] [0 outstanding requests]
cpu1: 936 Issued Read (252) for address 0xd8c
cpu1: Received Request with command 2 (response to 252, addr 0xd8c) [Time: 5] [2 outstanding requests]
cpu0: Received Request with command 2 (response to 247, addr 0x948) [Time: 245] [0 outstanding requests]
cpu3: 941 Issued Read (253) for address 0x38c
cpu0: 948 Issued Write (254) for address 0xc9c
cpu0: 947 Issued Read (255) for address 0xb88
cpu0: Received Request with command 2 (response to 255, addr 0xb88) [Time: 5] [1 outstanding requests]
cpu3: 940 Issued Read (256) for address 0x404
cpu3: Received Request with command 2 (response to 256, addr 0x404) [Time: 5] [1 outstanding requests]
cpu3: Received Request with command 2 (response to 253, addr 0x38c) [Time: 57] [0 outstanding requests]
cpu3: 939 Issued Read (257) for address 0xa84
cpu1: Received Request with command 3 (response to 248, addr 0x25c) [Time: 303] [1 outstanding requests]
cpu3: Received Request with command 2 (response to 257, addr 0xa84) [Time: 5] [0 outstanding requests]
cpu1: 935 Issued Read (258) for address 0xa2c
cpu1: Received Request with command 2 (response to 250, addr 0x5f8) [Time: 293] [1 outstanding requests]
cpu1: Received Request with command 2 (response to 258, addr 0xa2c) [Time: 5] [0 outstanding requests]
cpu1: 934 Issued Read (259) for address 0x368
cpu3: 938 Issued Read (260) for address 0xcb0
cpu1: 933 Issued Read (261) for address 0x630
cpu1: Received Request with command 2 (response to 261, addr 0x630) [Time: 5] [1 outstanding requests]
cpu3: 937 Issued Read (262) for address 0x93c
cpu3: Received Request with command 2 (response to 260, addr 0xcb0) [Time: 57] [1 outstanding requests]
cpu0: 946 Issued Read (263) for address 0x9e4
cpu1: 932 Issued Read (264) for address 0x334
cpu2: 923 Issued Read (265) for address 0x608
cpu2: 922 Issued Read (266) for address 0xa88
cpu2: Received Request with command 2 (response to 266, addr 0xa88) [Time: 5] [1 outstanding requests]
cpu0: Received Request with command 2 (response to 263, addr 0x9e4) [Time: 57] [1 outstanding requests]
cpu0: Received Request with command 3 (response to 254, addr 0xc9c) [Time: 353] [0 outstanding requests]
cpu2: 921 Issued Write (267) for address 0x860
cpu1: Received Request with command 2 (response to 259, addr 0x368) [Time: 243] [1 outstanding requests]
cpu1: 931 Issued Write (268) for address 0x2e0
cpu1: Received Request with command 2 (response to 264, addr 0x334) [Time: 150] [1 outstanding requests]
cpu0: 945 Issued Read (269) for address 0x7d0
cpu2: Received Request with command 2 (response to 265, addr 0x608) [Time: 150] [1 outstanding requests]
cpu3: Received Request with command 2 (response to 262, addr 0x93c) [Time: 201] [0 outstanding requests]
cpu0: Received Request with command 2 (response to 269, addr 0x7d0) [Time: 5] [0 outstanding requests]
cpu0: 944 Issued Write (270) for address 0xa8c
cpu1: 930 Issued Read (271) for address 0x424
cpu0: 943 Issued Read (272) for address 0xcc4
cpu0: Received Request with command 2 (response to 272, addr 0xcc4) [Time: 5] [1 outstanding requests]
cpu3: 936 Issued Read (273) for address 0x470
cpu3: Received Request with command 2 (response to 273, addr 0x470) [Time: 5] [0 outstanding requests]
cpu0: 942 Issued Read (274) for address 0x90c
cpu2: 920 Issued Read (275) for address 0x1c0
cpu2: 919 Issued Read (276) for address 0x4d0
cpu2: Received Request with command 2 (response to 275, addr 0x1c0) [Time: 5] [2 outstanding requests]
cpu2: Received Request with command 2 (response to 276, addr 0x4d0) [Time: 5] [1 outstanding requests]
cpu1: 929 Issued Read (277) for address 0x440
cpu1: Received Request with command 2 (response to 277, addr 0x440) [Time: 5] [2 outstanding requests]
cpu1: 928 Issued Read (278) for address 0x120
cpu0: 941 Issued Read (279) for address 0x568
cpu0: Received Request with command 2 (response to 279, addr 0x568) [Time: 5] [2 outstanding requests]
cpu0: Received Request with command 2 (response to 274, addr 0x90c) [Time: 57] [1 outstanding requests]
cpu1: Received Request with command 2 (response to 271, addr 0x424) [Time: 154] [2 outstanding requests]
cpu1: Received Request with command 2 (response to 278, addr 0x120) [Time: 57] [1 outstanding requests]
cpu2: 918 Issued Read (280) for address 0xad0
cpu2: Received Request with command 2 (response to 280, addr 0xad0) [Time: 5] [1 outstanding requests]
cpu2: Received Request with command 3 (response to 267, addr 0x860) [Time: 353] [0 outstanding requests]
cpu3: 935 Issued Read (281) for address 0x23c
cpu1: Received Request with command 3 (response to 268, addr 0x2e0) [Time: 343] [0 outstanding requests]
cpu3: 934 Issued Read (282) for address 0xa1c
cpu3: Received Request with command 2 (response to 282, addr 0xa1c) [Time: 5] [1 outstanding requests]
cpu3: Received Request with command 2 (response to 281, addr 0x23c) [Time: 57] [0 outstanding requests]
cpu0: 940 Issued Read (283) for address 0xb0
cpu0: Received Request with command 2 (response to 283, addr 0xb0) [Time: 5] [1 outstanding requests]
cpu0: Received Request with command 3 (response to 270, addr 0xa8c) [Time: 353] [0 outstanding requests]
cpu3: 933 Issued Read (284) for address 0xbcc
cpu3: 932 Issued Read (285) for address 0xac8
cpu3: Received Request with command 2 (response to 284, addr 0xbcc) [Time: 5] [1 outstanding requests]
cpu1: 927 Issued Read (286) for address 0xc8c
cpu1: 926 Issued Read (287) for address 0x270
cpu1: Received Request with command 2 (response to 287, addr 0x270) [Time: 5] [1 outstanding requests]
cpu1: 925 Issued Write (288) for address 0x8e8
cpu3: Received Request with command 2 (response to 285, addr 0xac8) [Time: 57] [0 outstanding requests]
cpu3: 931 Issued Read (289) for address 0x138
cpu1: Received Request with command 2 (response to 286, addr 0xc8c) [Time: 100] [1 outstanding requests]
cpu3: Received Request with command 2 (response to 289, addr 0x138) [Time: 57] [0 outstanding requests]
cpu2: 917 Issued Read (290) for address 0xdd8
cpu0: 939 Issued Read (291) for address 0x8e0
cpu1: 924 Issued Read (292) for address 0xe34
cpu2: Received Request with command 2 (response to 290, addr 0xdd8) [Time: 57] [0 outstanding requests]
cpu2: 916 Issued Read (293) for address 0xd04
cpu3: 930 Issued Read (294) for address 0x65c
cpu2: Received Request with command 2 (response to 293, addr 0xd04) [Time: 5] [0 outstanding requests]
cpu2: 915 Issued Read (295) for address 0xcd0
cpu0: 938 Issued Read (296) for address 0x934
cpu0: 937 Issued Read (297) for address 0xa80
cpu0: Received Request with command 2 (response to 296, addr 0x934) [Time: 5] [2 outstanding requests]
cpu0: Received Request with command 2 (response to 297, addr 0xa80) [Time: 5] [1 outstanding requests]
cpu3: Received Request with command 2 (response to 294, addr 0x65c) [Time: 57] [0 outstanding requests]
cpu2: Received Request with command 2 (response to 295, addr 0xcd0) [Time: 57] [0 outstanding requests]
cpu2: 914 Issued Read (298) for address 0xfd0
cpu3: 929 Issued Read (299) for address 0x84
cpu3: 928 Issued Read (300) for address 0x528
cpu3: 927 Issued Read (301) for address 0xf1c
cpu3: Received Request with command 2 (response to 299, addr 0x84) [Time: 5] [2 outstanding requests]
cpu1: 923 Issued Read (302) for address 0x6a4
cpu3: Received Request with command 2 (response to 300, addr 0x528) [Time: 5] [1 outstanding requests]
cpu3: Received Request with command 2 (response to 301, addr 0xf1c) [Time: 5] [0 outstanding requests]
cpu1: Received Request with command 3 (response to 288, addr 0x8e8) [Time: 343] [2 outstanding requests]
cpu2: Received Request with command 2 (response to 298, addr 0xfd0) [Time: 57] [0 outstanding requests]
cpu0: 936 Issued Read (303) for address 0x7a8
cpu0: 935 Issued Read (304) for address 0xd6c
cpu0: Received Request with command 2 (response to 291, addr 0x8e0) [Time: 222] [2 outstanding requests]
cpu0: Received Request with command 2 (response to 304, addr 0xd6c) [Time: 5] [1 outstanding requests]
cpu1: 922 Issued Read (305) for address 0xd10
cpu1: Received Request with command 2 (response to 292, addr 0xe34) [Time: 245] [2 outstanding requests]
cpu1: Received Request with command 2 (response to 305, addr 0xd10) [Time: 57] [1 outstanding requests]
cpu1: Received Request with command 2 (response to 302, addr 0x6a4) [Time: 150] [0 outstanding requests]
cpu0: 934 Issued Read (306) for address 0x288
cpu0: Received Request with command 2 (response to 306, addr 0x288) [Time: 5] [1 outstanding requests]
cpu3: 926 Issued Read (307) for address 0x86c
cpu3: 925 Issued Read (308) for address 0xc9c
cpu0: Received Request with command 2 (response to 303, addr 0x7a8) [Time: 245] [0 outstanding requests]
cpu0: 933 Issued Read (309) for address 0xc08
cpu0: Received Request with command 2 (response to 309, addr 0xc08) [Time: 5] [0 outstanding requests]
cpu0: 932 Issued Read (310) for address 0x728
cpu3: Received Request with command 2 (response to 307, addr 0x86c) [Time: 100] [1 outstanding requests]
cpu0: Received Request with command 2 (response to 310, addr 0x728) [Time: 5] [0 outstanding requests]
cpu2: 913 Issued Read (311) for address 0x214
cpu2: Received Request with command 2 (response to 311, addr 0x214) [Time: 5] [0 outstanding requests]
cpu2: 912 Issued Read (312) for address 0xfa0
cpu3: 924 Issued Read (313) for address 0xa5c
cpu2: Received Request with command 2 (response to 312, addr 0xfa0) [Time: 57] [0 outstanding requests]
cpu2: 911 Issued Read (314) for address 0x44
cpu3: 923 Issued Read (315) for address 0x388
cpu3: Received Request with command 2 (response to 315, addr 0x388) [Time: 5] [2 outstanding requests]
cpu1: 921 Issued Read (316) for address 0x5e4
cpu3: Received Request with command 2 (response to 313, addr 0xa5c) [Time: 57] [1 outstanding requests]
cpu1: Received Request with command 2 (response to 316, addr 0x5e4) [Time: 5] [0 outstanding requests]
cpu3: Received Request with command 2 (response to 308, addr 0xc9c) [Time: 193] [0 outstanding requests]
cpu2: Received Request with command 2 (response to 314, addr 0x44) [Time: 57] [0 outstanding requests]
cpu0: 931 Issued Read (317) for address 0xee0
cpu1: 920 Issued Write (318) for address 0x678
cpu0: Received Request with command 2 (response to 317, addr 0xee0) [Time: 57] [0 outstanding requests]
cpu3: 922 Issued Read (319) for address 0x528
cpu3: Received Request with command 2 (response to 319, addr 0x528) [Time: 5] [0 outstanding requests]
cpu0: 930 Issued Read (320) for address 0x74c
cpu0: Received Request with command 2 (response to 320, addr 0x74c) [Time: 5] [0 outstanding requests]
cpu1: 919 Issued Write (321) for address 0xd94
cpu0: 929 Issued Read (322) for address 0xe64
cpu0: Received Request with command 2 (response to 322, addr 0xe64) [Time: 5] [0 outstanding requests]
cpu1: 918 Issued Read (323) for address 0x7c4
cpu0: 928 Issued Read (324) for address 0x68
cpu1: 917 Issued Read (325) for address 0x9b8
cpu0: 927 Issued Read (326) for address 0xfac
cpu0: Received Request with command 2 (response to 326, addr 0xfac) [Time: 5] [1 outstanding requests]
cpu0: 926 Issued Read (327) for address 0x4fc
cpu0: Received Request with command 2 (response to 324, addr 0x68) [Time: 57] [1 outstanding requests]
cpu1: Received Request with command 2 (response to 325, addr 0x9b8) [Time: 57] [3 outstanding requests]
cpu1: Received Request with command 2 (response to 323, addr 0x7c4) [Time: 100] [2 outstanding requests]
cpu1: Received Request with command 3 (response to 318, addr 0x678) [Time: 353] [1 outstanding requests]
cpu0: 925 Issued Read (328) for address 0x990
cpu0: Received Request with command 2 (response to 328, addr 0x990) [Time: 5] [1 outstanding requests]
cpu1: Received Request with command 3 (response to 321, addr 0xd94) [Time: 343] [0 outstanding requests]
cpu3: 921 Issued Read (329) for address 0x638
cpu0: Received Request with command 2 (response to 327, addr 0x4fc) [Time: 245] [0 outstanding requests]
cpu0: 924 Issued Read (330) for address 0x30c
cpu3: 920 Issued Read (331) for address 0x294
cpu3: Received Request with command 2 (response to 331, addr 0x294) [Time: 5] [1 outstanding requests]
cpu1: 916 Issued Read (332) for address 0x578
cpu1: Received Request with command 2 (response to 332, addr 0x578) [Time: 5] [0 outstanding requests]
cpu3: Received Request with command 2 (response to 329, addr 0x638) [Time: 57] [0 outstanding requests]
cpu0: Received Request with command 2 (response to 330, addr 0x30c) [Time: 57] [0 outstanding requests]
cpu1: 915 Issued Read (333) for address 0x484
cpu3: 919 Issued Read (334) for address 0x7a0
cpu1: Received Request with command 2 (response to 333, addr 0x484) [Time: 57] [0 outstanding requests]
cpu2: 910 Issued Write (335) for address 0x910
cpu3: Received Request with command 2 (response to 334, addr 0x7a0) [Time: 57] [0 outstanding requests]
cpu3: 918 Issued Write (336) for address 0x4d8
cpu3: 917 Issued Read (337) for address 0x5c
cpu0: 923 Issued Read (338) for address 0xeb0
cpu3: 916 Issued Read (339) for address 0x224
cpu3: Received Request with command 2 (response to 337, addr 0x5c) [Time: 5] [2 outstanding requests]
cpu3: Received Request with command 2 (response to 339, addr 0x224) [Time: 5] [1 outstanding requests]
cpu2: 909 Issued Read (340) for address 0x6dc
cpu2: Received Request with command 2 (response to 340, addr 0x6dc) [Time: 5] [1 outstanding requests]
cpu0: 922 Issued Read (341) for address 0x98c
cpu0: Received Request with command 2 (response to 341, addr 0x98c) [Time: 5] [1 outstanding requests]
cpu0: Received Request with command 2 (response to 338, addr 0xeb0) [Time: 57] [0 outstanding requests]
cpu0: 921 Issued Read (342) for address 0x7e8
cpu0: Received Request with command 2 (response to 342, addr 0x7e8) [Time: 5] [0 outstanding requests]
cpu2: 908 Issued Read (343) for address 0xce0
cpu2: Received Request with command 3 (response to 335, addr 0x910) [Time: 160] [1 outstanding requests]
cpu2: Received Request with command 2 (response to 343, addr 0xce0) [Time: 5] [0 outstanding requests]
cpu2: 907 Issued Read (344) for address 0xebc
cpu3: Received Request with command 3 (response to 336, addr 0x4d8) [Time: 150] [0 outstanding requests]
cpu2: Received Request with command 2 (response to 344, addr 0xebc) [Time: 57] [0 outstanding requests]
cpu2: 906 Issued Read (345) for address 0x5e8
cpu2: 905 Issued Read (346) for address 0x4c
cpu2: 904 Issued Read (347) for address 0x8bc
cpu2: Received Request with command 2 (response to 346, addr 0x4c) [Time: 5] [2 outstanding requests]
cpu2: Received Request with command 2 (response to 347, addr 0x8bc) [Time: 5] [1 outstanding requests]
cpu3: 915 Issued Read (348) for address 0x6ec
cpu3: Received Request with command 2 (response to 348, addr 0x6ec) [Time: 57] [0 outstanding requests]
cpu3: 914 Issued Read (349) for address 0xcf0
cpu2: Received Request with command 2 (response to 345, addr 0x5e8) [Time: 150] [0 outstanding requests]
cpu3: Received Request with command 2 (response to 349, addr 0xcf0) [Time: 5] [0 outstanding requests]
cpu2: 903 Issued Read (350) for address 0x15c
cpu2: Received Request with command 2 (response to 350, addr 0x15c) [Time: 5] [0 outstanding requests]
cpu2: 902 Issued Read (351) for address 0xea8
cpu2: Received Request with command 2 (response to 351, addr 0xea8) [Time: 5] [0 outstanding requests]
cpu1: 914 Issued Read (352) for address 0x260
cpu1: Received Request with command 2 (response to 352, addr 0x260) [Time: 5] [0 outstanding requests]
cpu3: 913 Issued Read (353) for address 0x98
cpu3: Received Request with command 2 (response to 353, addr 0x98) [Time: 5] [0 outstanding requests]
cpu2: 901 Issued Read (354) for address 0x1e8
cpu2: Received Request with command 2 (response to 354, addr 0x1e8) [Time: 5] [0 outstanding requests]
cpu2: 900 Issued Read (355) for address 0xea0
cpu2: Received Request with command 2 (response to 355, addr 0xea0) [Time: 5] [0 outstanding requests]
cpu2: 899 Issued Read (356) for address 0x120
cpu2: Received Request with command 2 (response to 356, addr 0x120) [Time: 5] [0 outstanding requests]
cpu1: 913 Issued Read (357) for address 0xd34
cpu1: Received Request with command 2 (response to 357, addr 0xd34) [Time: 5] [0 outstanding requests]
cpu0: 920 Issued Read (358) for address 0xc50
cpu1: 912 Issued Read (359) for address 0x490
cpu3: 912 Issued Read (360) for address 0xeac
cpu1: Received Request with command 2 (response to 359, addr 0x490) [Time: 5] [0 outstanding requests]
cpu3: Received Request with command 2 (response to 360, addr 0xeac) [Time: 5] [0 outstanding requests]
cpu2: 898 Issued Read (361) for address 0xe38
cpu1: 911 Issued Read (362) for address 0xb88
cpu1: Received Request with command 2 (response to 362, addr 0xb88) [Time: 5] [0 outstanding requests]
cpu0: 919 Issued Read (363) for address 0x8f4
cpu0: Received Request with command 2 (response to 363, addr 0x8f4) [Time: 5] [1 outstanding requests]
cpu0: 918 Issued Read (364) for address 0x6e8
cpu0: Received Request with command 2 (response to 358, addr 0xc50) [Time: 57] [1 outstanding requests]
cpu2: Received Request with command 2 (response to 361, addr 0xe38) [Time: 57] [0 outstanding requests]
cpu2: 897 Issued Read (365) for address 0x840
cpu2: 896 Issued Write (366) for address 0x28c
cpu2: Received Request with command 2 (response to 365, addr 0x840) [Time: 5] [1 outstanding requests]
cpu0: 917 Issued Read (367) for address 0x38
cpu2: 895 Issued Read (368) for address 0xd30
cpu1: 910 Issued Write (369) for address 0xc7c
cpu2: Received Request with command 2 (response to 368, addr 0xd30) [Time: 5] [1 outstanding requests]
cpu1: 909 Issued Read (370) for address 0x934
cpu3: 911 Issued Read (371) for address 0xc88
cpu0: Received Request with command 2 (response to 364, addr 0x6e8) [Time: 150] [1 outstanding requests]
cpu3: Received Request with command 2 (response to 371, addr 0xc88) [Time: 5] [0 outstanding requests]
cpu2: 894 Issued Read (372) for address 0xdc
cpu2: Received Request with command 2 (response to 372, addr 0xdc) [Time: 5] [1 outstanding requests]
cpu1: 908 Issued Read (373) for address 0x54c
cpu1: Received Request with command 2 (response to 373, addr 0x54c) [Time: 5] [2 outstanding requests]
cpu1: 907 Issued Read (374) for address 0xf7c
cpu2: Received Request with command 3 (response to 366, addr 0x28c) [Time: 160] [0 outstanding requests]
cpu0: Received Request with command 2 (response to 367, addr 0x38) [Time: 150] [0 outstanding requests]
cpu2: 893 Issued Read (375) for address 0x43c
cpu3: 910 Issued Read (376) for address 0x40c
cpu3: Received Request with command 2 (response to 376, addr 0x40c) [Time: 5] [0 outstanding requests]
cpu2: 892 Issued Read (377) for address 0x9c8
cpu2: Received Request with command 2 (response to 377, addr 0x9c8) [Time: 5] [1 outstanding requests]
cpu3: 909 Issued Read (378) for address 0x2b4
cpu1: 906 Issued Read (379) for address 0xbf4
cpu2: Received Request with command 2 (response to 375, addr 0x43c) [Time: 57] [0 outstanding requests]
cpu2: 891 Issued Read (380) for address 0x33c
cpu2: Received Request with command 2 (response to 380, addr 0x33c) [Time: 5] [0 outstanding requests]
cpu1: 905 Issued Read (381) for address 0x66c
cpu1: Received Request with command 2 (response to 374, addr 0xf7c) [Time: 150] [4 outstanding requests]
cpu1: Received Request with command 2 (response to 381, addr 0x66c) [Time: 5] [3 outstanding requests]
cpu3: 908 Issued Read (382) for address 0xdd4
cpu3: Received Request with command 2 (response to 382, addr 0xdd4) [Time: 5] [1 outstanding requests]
cpu2: 890 Issued Read (383) for address 0x49c
cpu3: Received Request with command 2 (response to 378, addr 0x2b4) [Time: 100] [0 outstanding requests]
cpu2: Received Request with command 2 (response to 383, addr 0x49c) [Time: 5] [0 outstanding requests]
cpu1: Received Request with command 2 (response to 370, addr 0x934) [Time: 245] [2 outstanding requests]
cpu2: 889 Issued Read (384) for address 0xb18
cpu2: Received Request with command 2 (response to 384, addr 0xb18) [Time: 5] [0 outstanding requests]
cpu1: Received Request with command 2 (response to 379, addr 0xbf4) [Time: 150] [1 outstanding requests]
cpu3: 907 Issued Read (385) for address 0x400
cpu3: Received Request with command 2 (response to 385, addr 0x400) [Time: 5] [0 outstanding requests]
cpu3: 906 Issued Read (386) for address 0x7f0
cpu1: Received Request with command 3 (response to 369, addr 0xc7c) [Time: 353] [0 outstanding requests]
cpu1: 904 Issued Write (387) for address 0x7c0
cpu1: 903 Issued Read (388) for address 0xd0
cpu1: Received Request with command 2 (response to 388, addr 0xd0) [Time: 5] [1 outstanding requests]
cpu1: Received Request with command 3 (response to 387, addr 0x7c0) [Time: 58] [0 outstanding requests]
cpu1: 902 Issued Read (389) for address 0x778
cpu1: 901 Issued Read (390) for address 0x754
cpu3: 905 Issued Read (391) for address 0xb0c
cpu1: 900 Issued Read (392) for address 0x72c
cpu3: 904 Issued Read (393) for address 0xff8
cpu1: Received Request with command 2 (response to 389, addr 0x778) [Time: 57] [2 outstanding requests]
cpu1: Received Request with command 2 (response to 390, addr 0x754) [Time: 50] [1 outstanding requests]
cpu3: Received Request with command 2 (response to 393, addr 0xff8) [Time: 5] [2 outstanding requests]
cpu0: 916 Issued Read (394) for address 0x14c
cpu3: Received Request with command 2 (response to 391, addr 0xb0c) [Time: 57] [1 outstanding requests]
cpu1: Received Request with command 2 (response to 392, addr 0x72c) [Time: 57] [0 outstanding requests]
cpu0: Received Request with command 2 (response to 394, addr 0x14c) [Time: 57] [0 outstanding requests]
cpu3: 903 Issued Read (395) for address 0x71c
cpu3: Received Request with command 2 (response to 386, addr 0x7f0) [Time: 245] [1 outstanding requests]
cpu2: 888 Issued Read (396) for address 0xccc
cpu2: Received Request with command 2 (response to 396, addr 0xccc) [Time: 5] [0 outstanding requests]
cpu3: Received Request with command 2 (response to 395, addr 0x71c) [Time: 57] [0 outstanding requests]
cpu2: 887 Issued Read (397) for address 0x48
cpu3: 902 Issued Read (398) for address 0x608
cpu2: Received Request with command 2 (response to 397, addr 0x48) [Time: 5] [0 outstanding requests]
cpu3: Received Request with command 2 (response to 398, addr 0x608) [Time: 5] [0 outstanding requests]
cpu1: 899 Issued Read (399) for address 0x9d8
cpu1: Received Request with command 2 (response to 399, addr 0x9d8) [Time: 5] [0 outstanding requests]

--------------------------------------------------------------------
--- Cache Stats
--- Name: c0.l1cache
--------------------------------------------------------------------
- Total misses: 55
- Total hits:  85
- Hit ratio:  60.714%
- Miss ratio:  39.286%
- Read misses:  49
- Write misses:  6
- GetS received: 79
- GetX received: 6
- GetSEx received: 0
- GetS-IS misses:  49
- GetX-SM misses:  4
- GetX-IM misses:  2
- GetS hits:  79
- GetX hits:  6
- Average updgrade latency:  180 cycles
- PutS received:  0
- PutM received:  0
- PUTM sent due to invalidations:  0
- PUTE sent due to invalidations:  0
- PUTX sent due to invalidations:  4
- PUTS sent due to evictions:  0
- PUTM sent due to evictions:  0
- PUTE sent due to evictions:  0
- Inv received stalled bc atomic lock:  0
- Total requests received:  161
- Total requests handled by MSHR (MSHR hits):  56

--------------------------------------------------------------------
--- Cache Stats
--- Name: c1.l1cache
--------------------------------------------------------------------
- Total misses: 65
- Total hits:  102
- Hit ratio:  61.078%
- Miss ratio:  38.922%
- Read misses:  50
- Write misses:  15
- GetS received: 87
- GetX received: 15
- GetSEx received: 0
- GetS-IS misses:  50
- GetX-SM misses:  4
- GetX-IM misses:  11
- GetS hits:  87
- GetX hits:  15
- Average updgrade latency:  199 cycles
- PutS received:  0
- PutM received:  0
- PUTM sent due to invalidations:  2
- PUTE sent due to invalidations:  0
- PUTX sent due to invalidations:  8
- PUTS sent due to evictions:  0
- PUTM sent due to evictions:  0
- PUTE sent due to evictions:  0
- Inv received stalled bc atomic lock:  0
- Total requests received:  194
- Total requests handled by MSHR (MSHR hits):  67

--------------------------------------------------------------------
--- Cache Stats
--- Name: c2.l1cache
--------------------------------------------------------------------
- Total misses: 61
- Total hits:  114
- Hit ratio:  65.143%
- Miss ratio:  34.857%
- Read misses:  53
- Write misses:  8
- GetS received: 106
- GetX received: 8
- GetSEx received: 0
- GetS-IS misses:  53
- GetX-SM misses:  2
- GetX-IM misses:  6
- GetS hits:  106
- GetX hits:  8
- Average updgrade latency:  191 cycles
- PutS received:  0
- PutM received:  0
- PUTM sent due to invalidations:  0
- PUTE sent due to invalidations:  0
- PUTX sent due to invalidations:  8
- PUTS sent due to evictions:  0
- PUTM sent due to evictions:  0
- PUTE sent due to evictions:  0
- Inv received stalled bc atomic lock:  0
- Total requests received:  201
- Total requests handled by MSHR (MSHR hits):  62

--------------------------------------------------------------------
--- Cache Stats
--- Name: c3.l1cache
--------------------------------------------------------------------
- Total misses: 56
- Total hits:  99
- Hit ratio:  63.871%
- Miss ratio:  36.129%
- Read misses:  49
- Write misses:  7
- GetS received: 92
- GetX received: 7
- GetSEx received: 0
- GetS-IS misses:  49
- GetX-SM misses:  2
- GetX-IM misses:  5
- GetS hits:  92
- GetX hits:  7
- Average updgrade latency:  166 cycles
- PutS received:  0
- PutM received:  0
- PUTM sent due to invalidations:  0
- PUTE sent due to invalidations:  0
- PUTX sent due to invalidations:  6
- PUTS sent due to evictions:  0
- PUTM sent due to evictions:  0
- PUTE sent due to evictions:  0
- Inv received stalled bc atomic lock:  0
- Total requests received:  179
- Total requests handled by MSHR (MSHR hits):  57
TrivialCPU cpu0 Finished after 85 issued reads, 85 returned (9999 clocks)
Number of Pending Requests per Cycle (Binned by 2 Requests)
  [0, 2]  7440
  [2, 4]  2035
  [4, 6]  370
TrivialCPU cpu1 Finished after 102 issued reads, 102 returned (9999 clocks)
Number of Pending Requests per Cycle (Binned by 2 Requests)
  [0, 2]  5666
  [2, 4]  3639
  [4, 6]  624
TrivialCPU cpu2 Finished after 114 issued reads, 114 returned (9999 clocks)
Number of Pending Requests per Cycle (Binned by 2 Requests)
  [0, 2]  6904
  [2, 4]  2474
  [4, 6]  479
TrivialCPU cpu3 Finished after 99 issued reads, 99 returned (9999 clocks)
Number of Pending Requests per Cycle (Binned by 2 Requests)
  [0, 2]  7497
  [2, 4]  2038
  [4, 6]  375

--------------------------------------------------------------------
--- Cache Stats
--- Name: l3cache
--------------------------------------------------------------------
- Total misses: 84
- Total hits:  181
- Hit ratio:  68.302%
- Miss ratio:  31.698%
- Read misses:  56
- Write misses:  28
- GetS received: 144
- GetX received: 37
- GetSEx received: 0
- GetS-IS misses:  56
- GetX-SM misses:  20
- GetX-IM misses:  8
- GetS hits:  144
- GetX hits:  37
- Average updgrade latency:  166 cycles
- PutS received:  0
- PutM received:  23
- PUTM sent due to invalidations:  0
- PUTE sent due to invalidations:  0
- PUTX sent due to invalidations:  0
- PUTS sent due to evictions:  0
- PUTM sent due to evictions:  0
- PUTE sent due to evictions:  0
- Inv received stalled bc atomic lock:  0
- Total requests received:  265
- Total requests handled by MSHR (MSHR hits):  113
Invalidates sent (non-eviction): 45
Invalidates sent due to evictions: 0

--------------------------------------------------------------------
--- Cache Stats
--- Name: n0.l2cache
--------------------------------------------------------------------
- Total misses: 83
- Total hits:  125
- Hit ratio:  60.096%
- Miss ratio:  39.904%
- Read misses:  63
- Write misses:  20
- GetS received: 104
- GetX received: 21
- GetSEx received: 0
- GetS-IS misses:  63
- GetX-SM misses:  12
- GetX-IM misses:  8
- GetS hits:  104
- GetX hits:  21
- Average updgrade latency:  188 cycles
- PutS received:  0
- PutM received:  14
- PUTM sent due to invalidations:  2
- PUTE sent due to invalidations:  0
- PUTX sent due to invalidations:  9
- PUTS sent due to evictions:  0
- PUTM sent due to evictions:  0
- PUTE sent due to evictions:  0
- Inv received stalled bc atomic lock:  0
- Total requests received:  238
- Total requests handled by MSHR (MSHR hits):  98
Invalidates sent (non-eviction): 48
Invalidates sent due to evictions: 0

--------------------------------------------------------------------
--- Cache Stats
--- Name: n1.l2cache
--------------------------------------------------------------------
- Total misses: 75
- Total hits:  121
- Hit ratio:  61.735%
- Miss ratio:  38.265%
- Read misses:  60
- Write misses:  15
- GetS received: 106
- GetX received: 15
- GetSEx received: 0
- GetS-IS misses:  60
- GetX-SM misses:  9
- GetX-IM misses:  6
- GetS hits:  106
- GetX hits:  15
- Average updgrade latency:  185 cycles
- PutS received:  0
- PutM received:  14
- PUTM sent due to invalidations:  0
- PUTE sent due to invalidations:  0
- PUTX sent due to invalidations:  12
- PUTS sent due to evictions:  0
- PUTM sent due to evictions:  0
- PUTE sent due to evictions:  0
- Inv received stalled bc atomic lock:  0
- Total requests received:  230
- Total requests handled by MSHR (MSHR hits):  89
Invalidates sent (non-eviction): 50
Invalidates sent due to evictions: 0
Simulation is complete, simulated time: 10 us
