[sst-devel.sandia.gov:14761] mca: base: component_find: unable to open /home/cdelapa/local/packages/OpenMPI-1.6.4/lib/openmpi/mca_pstat_darwin: /home/cdelapa/local/packages/OpenMPI-1.6.4/lib/openmpi/mca_pstat_darwin.so: invalid ELF header (ignored)
[sst-devel.sandia.gov:14761] mca: base: component_find: unable to open /home/cdelapa/local/packages/OpenMPI-1.6.4/lib/openmpi/mca_sysinfo_darwin: /home/cdelapa/local/packages/OpenMPI-1.6.4/lib/openmpi/mca_sysinfo_darwin.so: invalid ELF header (ignored)
0:Cache::cacheFactory():42:ABORT: No cache frequency specified (usually frequency = cpu frequency).
