Warning:  Parameter "printStats" is undocumented.
Warning:  Parameter "interleaveSize" is undocumented.
Warning:  Parameter "interleaveStep" is undocumented.
Warning:  Parameter "backingStoreSize" is undocumented.
Warning:  Parameter "printStats" is undocumented.
Warning:  Parameter "traceFile" is undocumented.
Warning:  Parameter "rangeStart" is undocumented.
Warning:  Parameter "interleaveSize" is undocumented.
Warning:  Parameter "interleaveStep" is undocumented.
[sst-devel:26516] *** Process received signal ***
[sst-devel:26516] Signal: Segmentation fault (11)
[sst-devel:26516] Signal code: Invalid permissions (2)
[sst-devel:26516] Failing at address: 0xd57670
[sst-devel:26516] [ 0] /lib64/libpthread.so.0() [0x3447c0f710]
[sst-devel:26516] [ 1] sst.x(_ZTVN10__cxxabiv120__si_class_type_infoE+0x10) [0xd57670]
[sst-devel:26516] *** End of error message ***
