Warning:  Parameter "id" is undocumented.
Warning:  Parameter "num_ports" is undocumented.
Warning:  Parameter "num_vcs" is undocumented.
Warning:  Parameter "topology" is undocumented.
Warning:  Parameter "num_ports" is undocumented.
Warning:  Parameter "link_bw" is undocumented.
Warning:  Parameter "input_latency" is undocumented.
Warning:  Parameter "output_latency" is undocumented.
Warning:  Parameter "xbar_bw" is undocumented.
Warning:  Parameter "input_buf_size" is undocumented.
Warning:  Parameter "output_buf_size" is undocumented.
Warning:  Using undocumented port 'port0'.
Warning:  Using undocumented port 'port1'.
Warning:  Parameter "debug" is undocumented.
Inserting stop event at cycle 10000ns, 10000000
cpu0: 1000 Issued Read (0) for address 0x728
cpu1: 1000 Issued Read (1) for address 0x728
cpu2: 1000 Issued Read (2) for address 0x728
cpu3: 1000 Issued Read (3) for address 0x728
cpu0: 999 Issued Read (4) for address 0x1f0
cpu1: 999 Issued Read (5) for address 0x1f0
cpu2: 999 Issued Read (6) for address 0x1f0
cpu3: 999 Issued Read (7) for address 0x1f0
cpu0: 998 Issued Write (8) for address 0xdac
cpu1: 998 Issued Write (9) for address 0xdac
cpu2: 998 Issued Write (10) for address 0xdac
cpu3: 998 Issued Write (11) for address 0xdac
cpu0: Received Request with command 2 (response to 0, addr 0x728) [Time: 293] [2 outstanding requests]
cpu1: Received Request with command 2 (response to 1, addr 0x728) [Time: 293] [2 outstanding requests]
cpu2: Received Request with command 2 (response to 2, addr 0x728) [Time: 293] [2 outstanding requests]
cpu3: Received Request with command 2 (response to 3, addr 0x728) [Time: 294] [2 outstanding requests]
cpu0: Received Request with command 2 (response to 4, addr 0x1f0) [Time: 293] [1 outstanding requests]
cpu1: Received Request with command 2 (response to 5, addr 0x1f0) [Time: 293] [1 outstanding requests]
cpu2: Received Request with command 2 (response to 6, addr 0x1f0) [Time: 293] [1 outstanding requests]
cpu3: Received Request with command 2 (response to 7, addr 0x1f0) [Time: 294] [1 outstanding requests]
cpu0: Received Request with command 3 (response to 8, addr 0xdac) [Time: 293] [0 outstanding requests]
cpu0: 997 Issued Read (12) for address 0xc34
cpu1: 997 Issued Read (13) for address 0xc34
cpu2: 997 Issued Read (14) for address 0xc34
cpu3: 997 Issued Read (15) for address 0xc34
cpu0: 996 Issued Read (16) for address 0xd4
cpu1: 996 Issued Read (17) for address 0xd4
cpu2: 996 Issued Read (18) for address 0xd4
cpu3: 996 Issued Read (19) for address 0xd4
cpu1: Received Request with command 3 (response to 9, addr 0xdac) [Time: 345] [2 outstanding requests]
cpu0: 995 Issued Read (20) for address 0x5ec
cpu1: 995 Issued Read (21) for address 0x5ec
cpu2: 995 Issued Read (22) for address 0x5ec
cpu3: 995 Issued Read (23) for address 0x5ec
cpu0: 994 Issued Write (24) for address 0xe84
cpu1: 994 Issued Write (25) for address 0xe84
cpu2: 994 Issued Write (26) for address 0xe84
cpu3: 994 Issued Write (27) for address 0xe84
cpu2: Received Request with command 3 (response to 10, addr 0xdac) [Time: 445] [4 outstanding requests]
cpu3: Received Request with command 3 (response to 11, addr 0xdac) [Time: 497] [4 outstanding requests]
cpu0: 993 Issued Read (28) for address 0x754
cpu1: 993 Issued Read (29) for address 0x754
cpu2: 993 Issued Read (30) for address 0x754
cpu3: 993 Issued Read (31) for address 0x754
cpu0: 992 Issued Read (32) for address 0xb70
cpu1: 992 Issued Read (33) for address 0xb70
cpu2: 992 Issued Read (34) for address 0xb70
cpu3: 992 Issued Read (35) for address 0xb70
cpu0: Received Request with command 2 (response to 12, addr 0xc34) [Time: 293] [5 outstanding requests]
cpu1: Received Request with command 2 (response to 13, addr 0xc34) [Time: 293] [5 outstanding requests]
cpu2: Received Request with command 2 (response to 14, addr 0xc34) [Time: 293] [5 outstanding requests]
cpu3: Received Request with command 2 (response to 15, addr 0xc34) [Time: 294] [5 outstanding requests]
cpu0: Received Request with command 2 (response to 16, addr 0xd4) [Time: 293] [4 outstanding requests]
cpu1: Received Request with command 2 (response to 17, addr 0xd4) [Time: 293] [4 outstanding requests]
cpu2: Received Request with command 2 (response to 18, addr 0xd4) [Time: 293] [4 outstanding requests]
cpu3: Received Request with command 2 (response to 19, addr 0xd4) [Time: 294] [4 outstanding requests]
cpu0: Received Request with command 2 (response to 20, addr 0x5ec) [Time: 293] [3 outstanding requests]
cpu1: Received Request with command 2 (response to 21, addr 0x5ec) [Time: 293] [3 outstanding requests]
cpu2: Received Request with command 2 (response to 22, addr 0x5ec) [Time: 293] [3 outstanding requests]
cpu3: Received Request with command 2 (response to 23, addr 0x5ec) [Time: 294] [3 outstanding requests]
cpu0: 991 Issued Read (36) for address 0xec8
cpu1: 991 Issued Read (37) for address 0xec8
cpu2: 991 Issued Read (38) for address 0xec8
cpu3: 991 Issued Read (39) for address 0xec8
cpu0: Received Request with command 3 (response to 24, addr 0xe84) [Time: 293] [3 outstanding requests]
cpu0: 990 Issued Write (40) for address 0x438
cpu1: 990 Issued Write (41) for address 0x438
cpu2: 990 Issued Write (42) for address 0x438
cpu3: 990 Issued Write (43) for address 0x438
cpu1: Received Request with command 3 (response to 25, addr 0xe84) [Time: 345] [4 outstanding requests]
cpu0: Received Request with command 2 (response to 28, addr 0x754) [Time: 293] [3 outstanding requests]
cpu1: Received Request with command 2 (response to 29, addr 0x754) [Time: 293] [3 outstanding requests]
cpu2: Received Request with command 2 (response to 30, addr 0x754) [Time: 293] [4 outstanding requests]
cpu3: Received Request with command 2 (response to 31, addr 0x754) [Time: 294] [4 outstanding requests]
cpu0: Received Request with command 2 (response to 32, addr 0xb70) [Time: 293] [2 outstanding requests]
cpu0: 989 Issued Read (44) for address 0x1c
cpu1: 989 Issued Read (45) for address 0x1c
cpu2: 989 Issued Read (46) for address 0x1c
cpu3: 989 Issued Read (47) for address 0x1c
cpu1: Received Request with command 2 (response to 33, addr 0xb70) [Time: 294] [3 outstanding requests]
cpu2: Received Request with command 2 (response to 34, addr 0xb70) [Time: 294] [4 outstanding requests]
cpu3: Received Request with command 2 (response to 35, addr 0xb70) [Time: 294] [4 outstanding requests]
cpu0: 988 Issued Read (48) for address 0xd48
cpu1: 988 Issued Read (49) for address 0xd48
cpu2: 988 Issued Read (50) for address 0xd48
cpu3: 988 Issued Read (51) for address 0xd48
cpu2: Received Request with command 3 (response to 26, addr 0xe84) [Time: 441] [4 outstanding requests]
cpu0: 987 Issued Read (52) for address 0xac0
cpu1: 987 Issued Read (53) for address 0xac0
cpu2: 987 Issued Read (54) for address 0xac0
cpu3: 987 Issued Read (55) for address 0xac0
cpu3: Received Request with command 3 (response to 27, addr 0xe84) [Time: 493] [5 outstanding requests]
cpu0: 986 Issued Read (56) for address 0x404
cpu1: 986 Issued Read (57) for address 0x404
cpu2: 986 Issued Read (58) for address 0x404
cpu3: 986 Issued Read (59) for address 0x404
cpu0: Received Request with command 2 (response to 36, addr 0xec8) [Time: 293] [5 outstanding requests]
cpu1: Received Request with command 2 (response to 37, addr 0xec8) [Time: 293] [5 outstanding requests]
cpu2: Received Request with command 2 (response to 38, addr 0xec8) [Time: 293] [5 outstanding requests]
cpu3: Received Request with command 2 (response to 39, addr 0xec8) [Time: 294] [5 outstanding requests]
cpu0: Received Request with command 3 (response to 40, addr 0x438) [Time: 293] [4 outstanding requests]
cpu0: Received Request with command 2 (response to 56, addr 0x404) [Time: 117] [3 outstanding requests]
cpu0: 985 Issued Read (60) for address 0xe2c
cpu1: 985 Issued Read (61) for address 0xe2c
cpu2: 985 Issued Read (62) for address 0xe2c
cpu3: 985 Issued Read (63) for address 0xe2c
cpu1: Received Request with command 3 (response to 41, addr 0x438) [Time: 345] [5 outstanding requests]
cpu1: Received Request with command 2 (response to 57, addr 0x404) [Time: 169] [4 outstanding requests]
cpu0: 984 Issued Read (64) for address 0x584
cpu1: 984 Issued Read (65) for address 0x584
cpu2: 984 Issued Read (66) for address 0x584
cpu3: 984 Issued Read (67) for address 0x584
cpu0: Received Request with command 2 (response to 44, addr 0x1c) [Time: 293] [4 outstanding requests]
cpu1: Received Request with command 2 (response to 45, addr 0x1c) [Time: 293] [4 outstanding requests]
cpu2: Received Request with command 2 (response to 46, addr 0x1c) [Time: 293] [6 outstanding requests]
cpu3: Received Request with command 2 (response to 47, addr 0x1c) [Time: 294] [6 outstanding requests]
cpu0: Received Request with command 2 (response to 48, addr 0xd48) [Time: 293] [3 outstanding requests]
cpu1: Received Request with command 2 (response to 49, addr 0xd48) [Time: 293] [3 outstanding requests]
cpu2: Received Request with command 2 (response to 50, addr 0xd48) [Time: 293] [5 outstanding requests]
cpu0: 983 Issued Read (68) for address 0xca4
cpu1: 983 Issued Read (69) for address 0xca4
cpu2: 983 Issued Read (70) for address 0xca4
cpu3: 983 Issued Read (71) for address 0xca4
cpu3: Received Request with command 2 (response to 51, addr 0xd48) [Time: 294] [6 outstanding requests]
cpu0: Received Request with command 2 (response to 52, addr 0xac0) [Time: 293] [3 outstanding requests]
cpu1: Received Request with command 2 (response to 53, addr 0xac0) [Time: 293] [3 outstanding requests]
cpu2: Received Request with command 2 (response to 54, addr 0xac0) [Time: 293] [5 outstanding requests]
cpu3: Received Request with command 2 (response to 55, addr 0xac0) [Time: 294] [5 outstanding requests]
cpu2: Received Request with command 3 (response to 42, addr 0x438) [Time: 441] [4 outstanding requests]
cpu2: Received Request with command 2 (response to 58, addr 0x404) [Time: 265] [3 outstanding requests]
cpu3: Received Request with command 3 (response to 43, addr 0x438) [Time: 493] [4 outstanding requests]
cpu3: Received Request with command 2 (response to 59, addr 0x404) [Time: 317] [3 outstanding requests]
cpu0: 982 Issued Read (72) for address 0xa00
cpu1: 982 Issued Read (73) for address 0xa00
cpu2: 982 Issued Read (74) for address 0xa00
cpu3: 982 Issued Read (75) for address 0xa00
cpu0: Received Request with command 2 (response to 60, addr 0xe2c) [Time: 293] [3 outstanding requests]
cpu1: Received Request with command 2 (response to 61, addr 0xe2c) [Time: 293] [3 outstanding requests]
cpu2: Received Request with command 2 (response to 62, addr 0xe2c) [Time: 293] [3 outstanding requests]
cpu3: Received Request with command 2 (response to 63, addr 0xe2c) [Time: 294] [3 outstanding requests]
cpu0: 981 Issued Read (76) for address 0x5a4
cpu1: 981 Issued Read (77) for address 0x5a4
cpu2: 981 Issued Read (78) for address 0x5a4
cpu3: 981 Issued Read (79) for address 0x5a4
cpu0: 980 Issued Read (80) for address 0x164
cpu1: 980 Issued Read (81) for address 0x164
cpu2: 980 Issued Read (82) for address 0x164
cpu3: 980 Issued Read (83) for address 0x164
cpu0: Received Request with command 2 (response to 64, addr 0x584) [Time: 293] [4 outstanding requests]
cpu0: Received Request with command 2 (response to 76, addr 0x5a4) [Time: 36] [3 outstanding requests]
cpu1: Received Request with command 2 (response to 65, addr 0x584) [Time: 293] [4 outstanding requests]
cpu1: Received Request with command 2 (response to 77, addr 0x5a4) [Time: 36] [3 outstanding requests]
cpu2: Received Request with command 2 (response to 66, addr 0x584) [Time: 293] [4 outstanding requests]
cpu2: Received Request with command 2 (response to 78, addr 0x5a4) [Time: 36] [3 outstanding requests]
cpu3: Received Request with command 2 (response to 67, addr 0x584) [Time: 294] [4 outstanding requests]
cpu3: Received Request with command 2 (response to 79, addr 0x5a4) [Time: 37] [3 outstanding requests]
cpu0: Received Request with command 2 (response to 68, addr 0xca4) [Time: 293] [2 outstanding requests]
cpu1: Received Request with command 2 (response to 69, addr 0xca4) [Time: 293] [2 outstanding requests]
cpu2: Received Request with command 2 (response to 70, addr 0xca4) [Time: 293] [2 outstanding requests]
cpu3: Received Request with command 2 (response to 71, addr 0xca4) [Time: 294] [2 outstanding requests]
cpu0: 979 Issued Read (84) for address 0xad8
cpu1: 979 Issued Read (85) for address 0xad8
cpu2: 979 Issued Read (86) for address 0xad8
cpu3: 979 Issued Read (87) for address 0xad8
cpu0: Received Request with command 2 (response to 84, addr 0xad8) [Time: 5] [2 outstanding requests]
cpu1: Received Request with command 2 (response to 85, addr 0xad8) [Time: 5] [2 outstanding requests]
cpu2: Received Request with command 2 (response to 86, addr 0xad8) [Time: 5] [2 outstanding requests]
cpu3: Received Request with command 2 (response to 87, addr 0xad8) [Time: 5] [2 outstanding requests]
cpu0: 978 Issued Read (88) for address 0x50
cpu1: 978 Issued Read (89) for address 0x50
cpu2: 978 Issued Read (90) for address 0x50
cpu3: 978 Issued Read (91) for address 0x50
cpu0: Received Request with command 2 (response to 72, addr 0xa00) [Time: 293] [2 outstanding requests]
cpu1: Received Request with command 2 (response to 73, addr 0xa00) [Time: 293] [2 outstanding requests]
cpu2: Received Request with command 2 (response to 74, addr 0xa00) [Time: 293] [2 outstanding requests]
cpu3: Received Request with command 2 (response to 75, addr 0xa00) [Time: 294] [2 outstanding requests]
cpu0: Received Request with command 2 (response to 80, addr 0x164) [Time: 293] [1 outstanding requests]
cpu1: Received Request with command 2 (response to 81, addr 0x164) [Time: 293] [1 outstanding requests]
cpu2: Received Request with command 2 (response to 82, addr 0x164) [Time: 293] [1 outstanding requests]
cpu3: Received Request with command 2 (response to 83, addr 0x164) [Time: 294] [1 outstanding requests]
cpu0: 977 Issued Read (92) for address 0x8e8
cpu1: 977 Issued Read (93) for address 0x8e8
cpu2: 977 Issued Read (94) for address 0x8e8
cpu3: 977 Issued Read (95) for address 0x8e8
cpu0: Received Request with command 2 (response to 88, addr 0x50) [Time: 293] [1 outstanding requests]
cpu1: Received Request with command 2 (response to 89, addr 0x50) [Time: 293] [1 outstanding requests]
cpu2: Received Request with command 2 (response to 90, addr 0x50) [Time: 293] [1 outstanding requests]
cpu3: Received Request with command 2 (response to 91, addr 0x50) [Time: 294] [1 outstanding requests]
cpu0: 976 Issued Read (96) for address 0x990
cpu1: 976 Issued Read (97) for address 0x990
cpu2: 976 Issued Read (98) for address 0x990
cpu3: 976 Issued Read (99) for address 0x990
cpu0: 975 Issued Write (100) for address 0x5b4
cpu1: 975 Issued Write (101) for address 0x5b4
cpu2: 975 Issued Write (102) for address 0x5b4
cpu3: 975 Issued Write (103) for address 0x5b4
cpu0: Received Request with command 2 (response to 92, addr 0x8e8) [Time: 293] [2 outstanding requests]
cpu1: Received Request with command 2 (response to 93, addr 0x8e8) [Time: 293] [2 outstanding requests]
cpu2: Received Request with command 2 (response to 94, addr 0x8e8) [Time: 293] [2 outstanding requests]
cpu3: Received Request with command 2 (response to 95, addr 0x8e8) [Time: 294] [2 outstanding requests]
cpu0: 974 Issued Read (104) for address 0xa50
cpu1: 974 Issued Read (105) for address 0xa50
cpu2: 974 Issued Read (106) for address 0xa50
cpu3: 974 Issued Read (107) for address 0xa50
cpu0: Received Request with command 2 (response to 96, addr 0x990) [Time: 293] [2 outstanding requests]
cpu1: Received Request with command 2 (response to 97, addr 0x990) [Time: 293] [2 outstanding requests]
cpu2: Received Request with command 2 (response to 98, addr 0x990) [Time: 293] [2 outstanding requests]
cpu3: Received Request with command 2 (response to 99, addr 0x990) [Time: 294] [2 outstanding requests]
cpu0: Received Request with command 3 (response to 100, addr 0x5b4) [Time: 353] [1 outstanding requests]
cpu1: Received Request with command 3 (response to 101, addr 0x5b4) [Time: 396] [1 outstanding requests]
cpu0: 973 Issued Read (108) for address 0xadc
cpu1: 973 Issued Read (109) for address 0xadc
cpu2: 973 Issued Read (110) for address 0xadc
cpu3: 973 Issued Read (111) for address 0xadc
cpu0: Received Request with command 2 (response to 108, addr 0xadc) [Time: 5] [1 outstanding requests]
cpu1: Received Request with command 2 (response to 109, addr 0xadc) [Time: 5] [1 outstanding requests]
cpu2: Received Request with command 2 (response to 110, addr 0xadc) [Time: 5] [2 outstanding requests]
cpu3: Received Request with command 2 (response to 111, addr 0xadc) [Time: 5] [2 outstanding requests]
cpu0: Received Request with command 2 (response to 104, addr 0xa50) [Time: 293] [0 outstanding requests]
cpu1: Received Request with command 2 (response to 105, addr 0xa50) [Time: 293] [0 outstanding requests]
cpu2: Received Request with command 2 (response to 106, addr 0xa50) [Time: 293] [1 outstanding requests]
cpu3: Received Request with command 2 (response to 107, addr 0xa50) [Time: 294] [1 outstanding requests]
cpu2: Received Request with command 3 (response to 102, addr 0x5b4) [Time: 492] [0 outstanding requests]
cpu3: Received Request with command 3 (response to 103, addr 0x5b4) [Time: 544] [0 outstanding requests]
cpu0: 972 Issued Read (112) for address 0xce0
cpu1: 972 Issued Read (113) for address 0xce0
cpu2: 972 Issued Read (114) for address 0xce0
cpu3: 972 Issued Read (115) for address 0xce0
cpu0: 971 Issued Read (116) for address 0x69c
cpu1: 971 Issued Read (117) for address 0x69c
cpu2: 971 Issued Read (118) for address 0x69c
cpu3: 971 Issued Read (119) for address 0x69c
cpu0: 970 Issued Read (120) for address 0x60
cpu1: 970 Issued Read (121) for address 0x60
cpu2: 970 Issued Read (122) for address 0x60
cpu3: 970 Issued Read (123) for address 0x60
cpu0: Received Request with command 2 (response to 120, addr 0x60) [Time: 5] [2 outstanding requests]
cpu1: Received Request with command 2 (response to 121, addr 0x60) [Time: 5] [2 outstanding requests]
cpu2: Received Request with command 2 (response to 122, addr 0x60) [Time: 5] [2 outstanding requests]
cpu3: Received Request with command 2 (response to 123, addr 0x60) [Time: 5] [2 outstanding requests]
cpu0: Received Request with command 2 (response to 112, addr 0xce0) [Time: 293] [1 outstanding requests]
cpu1: Received Request with command 2 (response to 113, addr 0xce0) [Time: 293] [1 outstanding requests]
cpu2: Received Request with command 2 (response to 114, addr 0xce0) [Time: 293] [1 outstanding requests]
cpu3: Received Request with command 2 (response to 115, addr 0xce0) [Time: 294] [1 outstanding requests]
cpu0: 969 Issued Read (124) for address 0x794
cpu1: 969 Issued Read (125) for address 0x794
cpu2: 969 Issued Read (126) for address 0x794
cpu3: 969 Issued Read (127) for address 0x794
cpu0: 968 Issued Read (128) for address 0x9ac
cpu1: 968 Issued Read (129) for address 0x9ac
cpu2: 968 Issued Read (130) for address 0x9ac
cpu3: 968 Issued Read (131) for address 0x9ac
cpu0: Received Request with command 2 (response to 128, addr 0x9ac) [Time: 5] [2 outstanding requests]
cpu1: Received Request with command 2 (response to 129, addr 0x9ac) [Time: 5] [2 outstanding requests]
cpu2: Received Request with command 2 (response to 130, addr 0x9ac) [Time: 5] [2 outstanding requests]
cpu3: Received Request with command 2 (response to 131, addr 0x9ac) [Time: 5] [2 outstanding requests]
cpu0: 967 Issued Read (132) for address 0x920
cpu1: 967 Issued Read (133) for address 0x920
cpu2: 967 Issued Read (134) for address 0x920
cpu3: 967 Issued Read (135) for address 0x920
cpu0: Received Request with command 2 (response to 116, addr 0x69c) [Time: 293] [2 outstanding requests]
cpu2: Received Request with command 2 (response to 118, addr 0x69c) [Time: 293] [2 outstanding requests]
cpu1: Received Request with command 2 (response to 117, addr 0x69c) [Time: 294] [2 outstanding requests]
cpu3: Received Request with command 2 (response to 119, addr 0x69c) [Time: 294] [2 outstanding requests]
cpu0: 966 Issued Read (136) for address 0xec0
cpu1: 966 Issued Read (137) for address 0xec0
cpu2: 966 Issued Read (138) for address 0xec0
cpu3: 966 Issued Read (139) for address 0xec0
cpu0: Received Request with command 2 (response to 136, addr 0xec0) [Time: 5] [2 outstanding requests]
cpu1: Received Request with command 2 (response to 137, addr 0xec0) [Time: 5] [2 outstanding requests]
cpu2: Received Request with command 2 (response to 138, addr 0xec0) [Time: 5] [2 outstanding requests]
cpu3: Received Request with command 2 (response to 139, addr 0xec0) [Time: 5] [2 outstanding requests]
cpu0: Received Request with command 2 (response to 124, addr 0x794) [Time: 293] [1 outstanding requests]
cpu1: Received Request with command 2 (response to 125, addr 0x794) [Time: 293] [1 outstanding requests]
cpu2: Received Request with command 2 (response to 126, addr 0x794) [Time: 293] [1 outstanding requests]
cpu3: Received Request with command 2 (response to 127, addr 0x794) [Time: 294] [1 outstanding requests]
cpu0: 965 Issued Read (140) for address 0xeb0
cpu1: 965 Issued Read (141) for address 0xeb0
cpu2: 965 Issued Read (142) for address 0xeb0
cpu3: 965 Issued Read (143) for address 0xeb0
cpu0: 964 Issued Read (144) for address 0x658
cpu1: 964 Issued Read (145) for address 0x658
cpu2: 964 Issued Read (146) for address 0x658
cpu3: 964 Issued Read (147) for address 0x658
cpu3: Received Request with command 2 (response to 143, addr 0xeb0) [Time: 5] [2 outstanding requests]
cpu0: 963 Issued Read (148) for address 0x8e0
cpu1: 963 Issued Read (149) for address 0x8e0
cpu2: 963 Issued Read (150) for address 0x8e0
cpu3: 963 Issued Read (151) for address 0x8e0
cpu0: Received Request with command 2 (response to 148, addr 0x8e0) [Time: 5] [3 outstanding requests]
cpu1: Received Request with command 2 (response to 149, addr 0x8e0) [Time: 5] [3 outstanding requests]
cpu2: Received Request with command 2 (response to 150, addr 0x8e0) [Time: 5] [3 outstanding requests]
cpu3: Received Request with command 2 (response to 151, addr 0x8e0) [Time: 5] [2 outstanding requests]
cpu0: 962 Issued Read (152) for address 0xb94
cpu1: 962 Issued Read (153) for address 0xb94
cpu2: 962 Issued Read (154) for address 0xb94
cpu3: 962 Issued Read (155) for address 0xb94
cpu2: Received Request with command 2 (response to 142, addr 0xeb0) [Time: 100] [3 outstanding requests]
cpu0: Received Request with command 2 (response to 132, addr 0x920) [Time: 325] [3 outstanding requests]
cpu1: Received Request with command 2 (response to 133, addr 0x920) [Time: 326] [3 outstanding requests]
cpu2: Received Request with command 2 (response to 134, addr 0x920) [Time: 335] [2 outstanding requests]
cpu3: Received Request with command 2 (response to 135, addr 0x920) [Time: 336] [2 outstanding requests]
cpu0: 961 Issued Read (156) for address 0x9a0
cpu1: 961 Issued Read (157) for address 0x9a0
cpu2: 961 Issued Read (158) for address 0x9a0
cpu3: 961 Issued Read (159) for address 0x9a0
cpu0: Received Request with command 2 (response to 156, addr 0x9a0) [Time: 5] [3 outstanding requests]
cpu1: Received Request with command 2 (response to 157, addr 0x9a0) [Time: 5] [3 outstanding requests]
cpu2: Received Request with command 2 (response to 158, addr 0x9a0) [Time: 5] [2 outstanding requests]
cpu3: Received Request with command 2 (response to 159, addr 0x9a0) [Time: 5] [2 outstanding requests]
cpu0: Received Request with command 2 (response to 140, addr 0xeb0) [Time: 195] [2 outstanding requests]
cpu1: Received Request with command 2 (response to 141, addr 0xeb0) [Time: 196] [2 outstanding requests]
cpu0: 960 Issued Read (160) for address 0x6f0
cpu1: 960 Issued Read (161) for address 0x6f0
cpu2: 960 Issued Read (162) for address 0x6f0
cpu3: 960 Issued Read (163) for address 0x6f0
cpu0: 959 Issued Write (164) for address 0x6b4
cpu1: 959 Issued Write (165) for address 0x6b4
cpu2: 959 Issued Write (166) for address 0x6b4
cpu3: 959 Issued Write (167) for address 0x6b4
cpu0: Received Request with command 2 (response to 144, addr 0x658) [Time: 293] [3 outstanding requests]
cpu1: Received Request with command 2 (response to 145, addr 0x658) [Time: 293] [3 outstanding requests]
cpu2: Received Request with command 2 (response to 146, addr 0x658) [Time: 293] [3 outstanding requests]
cpu3: Received Request with command 2 (response to 147, addr 0x658) [Time: 294] [3 outstanding requests]
cpu0: 958 Issued Read (168) for address 0x9cc
cpu1: 958 Issued Read (169) for address 0x9cc
cpu2: 958 Issued Read (170) for address 0x9cc
cpu3: 958 Issued Read (171) for address 0x9cc
cpu0: Received Request with command 2 (response to 152, addr 0xb94) [Time: 293] [3 outstanding requests]
cpu1: Received Request with command 2 (response to 153, addr 0xb94) [Time: 293] [3 outstanding requests]
cpu2: Received Request with command 2 (response to 154, addr 0xb94) [Time: 293] [3 outstanding requests]
cpu3: Received Request with command 2 (response to 155, addr 0xb94) [Time: 294] [3 outstanding requests]
cpu0: Received Request with command 2 (response to 160, addr 0x6f0) [Time: 293] [2 outstanding requests]
cpu1: Received Request with command 2 (response to 161, addr 0x6f0) [Time: 293] [2 outstanding requests]
cpu2: Received Request with command 2 (response to 162, addr 0x6f0) [Time: 293] [2 outstanding requests]
cpu3: Received Request with command 2 (response to 163, addr 0x6f0) [Time: 294] [2 outstanding requests]
cpu0: 957 Issued Read (172) for address 0x4fc
cpu1: 957 Issued Read (173) for address 0x4fc
cpu2: 957 Issued Read (174) for address 0x4fc
cpu3: 957 Issued Read (175) for address 0x4fc
cpu0: Received Request with command 3 (response to 164, addr 0x6b4) [Time: 353] [2 outstanding requests]
cpu2: Received Request with command 2 (response to 170, addr 0x9cc) [Time: 308] [2 outstanding requests]
cpu3: Received Request with command 2 (response to 171, addr 0x9cc) [Time: 308] [2 outstanding requests]
cpu0: Received Request with command 2 (response to 168, addr 0x9cc) [Time: 309] [1 outstanding requests]
cpu1: Received Request with command 2 (response to 169, addr 0x9cc) [Time: 309] [2 outstanding requests]
cpu0: 956 Issued Read (176) for address 0xb58
cpu1: 956 Issued Read (177) for address 0xb58
cpu2: 956 Issued Read (178) for address 0xb58
cpu3: 956 Issued Read (179) for address 0xb58
cpu0: Received Request with command 2 (response to 176, addr 0xb58) [Time: 5] [1 outstanding requests]
cpu1: Received Request with command 2 (response to 177, addr 0xb58) [Time: 5] [2 outstanding requests]
cpu2: Received Request with command 2 (response to 178, addr 0xb58) [Time: 5] [2 outstanding requests]
cpu3: Received Request with command 2 (response to 179, addr 0xb58) [Time: 5] [2 outstanding requests]
cpu0: 955 Issued Read (180) for address 0x800
cpu1: 955 Issued Read (181) for address 0x800
cpu2: 955 Issued Read (182) for address 0x800
cpu3: 955 Issued Read (183) for address 0x800
cpu1: Received Request with command 3 (response to 165, addr 0x6b4) [Time: 397] [2 outstanding requests]
cpu0: 954 Issued Read (184) for address 0xe4
cpu1: 954 Issued Read (185) for address 0xe4
cpu2: 954 Issued Read (186) for address 0xe4
cpu3: 954 Issued Read (187) for address 0xe4
cpu0: Received Request with command 2 (response to 184, addr 0xe4) [Time: 5] [2 outstanding requests]
cpu1: Received Request with command 2 (response to 185, addr 0xe4) [Time: 5] [2 outstanding requests]
cpu2: Received Request with command 2 (response to 186, addr 0xe4) [Time: 5] [3 outstanding requests]
cpu3: Received Request with command 2 (response to 187, addr 0xe4) [Time: 5] [3 outstanding requests]
cpu0: 953 Issued Read (188) for address 0x928
cpu1: 953 Issued Read (189) for address 0x928
cpu2: 953 Issued Read (190) for address 0x928
cpu3: 953 Issued Read (191) for address 0x928
cpu0: Received Request with command 2 (response to 188, addr 0x928) [Time: 5] [2 outstanding requests]
cpu1: Received Request with command 2 (response to 189, addr 0x928) [Time: 5] [2 outstanding requests]
cpu2: Received Request with command 2 (response to 190, addr 0x928) [Time: 5] [3 outstanding requests]
cpu3: Received Request with command 2 (response to 191, addr 0x928) [Time: 5] [3 outstanding requests]
cpu2: Received Request with command 3 (response to 166, addr 0x6b4) [Time: 492] [2 outstanding requests]
cpu3: Received Request with command 3 (response to 167, addr 0x6b4) [Time: 544] [2 outstanding requests]
cpu0: Received Request with command 2 (response to 172, addr 0x4fc) [Time: 293] [1 outstanding requests]
cpu1: Received Request with command 2 (response to 173, addr 0x4fc) [Time: 293] [1 outstanding requests]
cpu2: Received Request with command 2 (response to 174, addr 0x4fc) [Time: 293] [1 outstanding requests]
cpu3: Received Request with command 2 (response to 175, addr 0x4fc) [Time: 294] [1 outstanding requests]
cpu0: Received Request with command 2 (response to 180, addr 0x800) [Time: 293] [0 outstanding requests]
cpu1: Received Request with command 2 (response to 181, addr 0x800) [Time: 293] [0 outstanding requests]
cpu2: Received Request with command 2 (response to 182, addr 0x800) [Time: 293] [0 outstanding requests]
cpu3: Received Request with command 2 (response to 183, addr 0x800) [Time: 294] [0 outstanding requests]
cpu0: 952 Issued Read (192) for address 0x690
cpu1: 952 Issued Read (193) for address 0x690
cpu2: 952 Issued Read (194) for address 0x690
cpu3: 952 Issued Read (195) for address 0x690
cpu3: Received Request with command 2 (response to 195, addr 0x690) [Time: 5] [0 outstanding requests]
cpu0: 951 Issued Read (196) for address 0xb0
cpu1: 951 Issued Read (197) for address 0xb0
cpu2: 951 Issued Read (198) for address 0xb0
cpu3: 951 Issued Read (199) for address 0xb0
cpu0: 950 Issued Read (200) for address 0xf4c
cpu1: 950 Issued Read (201) for address 0xf4c
cpu2: 950 Issued Read (202) for address 0xf4c
cpu3: 950 Issued Read (203) for address 0xf4c
cpu0: 949 Issued Read (204) for address 0x288
cpu1: 949 Issued Read (205) for address 0x288
cpu2: 949 Issued Read (206) for address 0x288
cpu3: 949 Issued Read (207) for address 0x288
cpu2: Received Request with command 2 (response to 194, addr 0x690) [Time: 100] [3 outstanding requests]
cpu0: 948 Issued Read (208) for address 0x3c4
cpu1: 948 Issued Read (209) for address 0x3c4
cpu2: 948 Issued Read (210) for address 0x3c4
cpu3: 948 Issued Read (211) for address 0x3c4
cpu0: Received Request with command 2 (response to 192, addr 0x690) [Time: 193] [4 outstanding requests]
cpu1: Received Request with command 2 (response to 193, addr 0x690) [Time: 193] [4 outstanding requests]
cpu0: 947 Issued Read (212) for address 0x714
cpu1: 947 Issued Read (213) for address 0x714
cpu2: 947 Issued Read (214) for address 0x714
cpu3: 947 Issued Read (215) for address 0x714
cpu0: Received Request with command 2 (response to 212, addr 0x714) [Time: 5] [4 outstanding requests]
cpu1: Received Request with command 2 (response to 213, addr 0x714) [Time: 5] [4 outstanding requests]
cpu2: Received Request with command 2 (response to 214, addr 0x714) [Time: 5] [4 outstanding requests]
cpu3: Received Request with command 2 (response to 215, addr 0x714) [Time: 5] [4 outstanding requests]
cpu0: Received Request with command 2 (response to 196, addr 0xb0) [Time: 293] [3 outstanding requests]
cpu1: Received Request with command 2 (response to 197, addr 0xb0) [Time: 293] [3 outstanding requests]
cpu2: Received Request with command 2 (response to 198, addr 0xb0) [Time: 293] [3 outstanding requests]
cpu3: Received Request with command 2 (response to 199, addr 0xb0) [Time: 294] [3 outstanding requests]
cpu0: Received Request with command 2 (response to 200, addr 0xf4c) [Time: 293] [2 outstanding requests]
cpu1: Received Request with command 2 (response to 201, addr 0xf4c) [Time: 293] [2 outstanding requests]
cpu2: Received Request with command 2 (response to 202, addr 0xf4c) [Time: 293] [2 outstanding requests]
cpu3: Received Request with command 2 (response to 203, addr 0xf4c) [Time: 294] [2 outstanding requests]
cpu0: Received Request with command 2 (response to 204, addr 0x288) [Time: 293] [1 outstanding requests]
cpu1: Received Request with command 2 (response to 205, addr 0x288) [Time: 293] [1 outstanding requests]
cpu2: Received Request with command 2 (response to 206, addr 0x288) [Time: 293] [1 outstanding requests]
cpu3: Received Request with command 2 (response to 207, addr 0x288) [Time: 294] [1 outstanding requests]
cpu0: 946 Issued Read (216) for address 0x180
cpu1: 946 Issued Read (217) for address 0x180
cpu2: 946 Issued Read (218) for address 0x180
cpu3: 946 Issued Read (219) for address 0x180
cpu0: 945 Issued Read (220) for address 0xb68
cpu1: 945 Issued Read (221) for address 0xb68
cpu2: 945 Issued Read (222) for address 0xb68
cpu3: 945 Issued Read (223) for address 0xb68
cpu0: 944 Issued Read (224) for address 0x470
cpu1: 944 Issued Read (225) for address 0x470
cpu2: 944 Issued Read (226) for address 0x470
cpu3: 944 Issued Read (227) for address 0x470
cpu0: Received Request with command 2 (response to 220, addr 0xb68) [Time: 5] [3 outstanding requests]
cpu1: Received Request with command 2 (response to 221, addr 0xb68) [Time: 5] [3 outstanding requests]
cpu2: Received Request with command 2 (response to 222, addr 0xb68) [Time: 5] [3 outstanding requests]
cpu3: Received Request with command 2 (response to 223, addr 0xb68) [Time: 5] [3 outstanding requests]
cpu0: Received Request with command 2 (response to 208, addr 0x3c4) [Time: 293] [2 outstanding requests]
cpu1: Received Request with command 2 (response to 209, addr 0x3c4) [Time: 293] [2 outstanding requests]
cpu2: Received Request with command 2 (response to 210, addr 0x3c4) [Time: 293] [2 outstanding requests]
cpu3: Received Request with command 2 (response to 211, addr 0x3c4) [Time: 294] [2 outstanding requests]
cpu0: Received Request with command 2 (response to 216, addr 0x180) [Time: 293] [1 outstanding requests]
cpu1: Received Request with command 2 (response to 217, addr 0x180) [Time: 293] [1 outstanding requests]
cpu2: Received Request with command 2 (response to 218, addr 0x180) [Time: 293] [1 outstanding requests]
cpu3: Received Request with command 2 (response to 219, addr 0x180) [Time: 294] [1 outstanding requests]
cpu0: Received Request with command 2 (response to 224, addr 0x470) [Time: 293] [0 outstanding requests]
cpu1: Received Request with command 2 (response to 225, addr 0x470) [Time: 293] [0 outstanding requests]
cpu2: Received Request with command 2 (response to 226, addr 0x470) [Time: 293] [0 outstanding requests]
cpu3: Received Request with command 2 (response to 227, addr 0x470) [Time: 294] [0 outstanding requests]
cpu0: 943 Issued Write (228) for address 0x578
cpu1: 943 Issued Write (229) for address 0x578
cpu2: 943 Issued Write (230) for address 0x578
cpu3: 943 Issued Write (231) for address 0x578
cpu0: 942 Issued Read (232) for address 0x674
cpu1: 942 Issued Read (233) for address 0x674
cpu2: 942 Issued Read (234) for address 0x674
cpu3: 942 Issued Read (235) for address 0x674
cpu0: Received Request with command 2 (response to 232, addr 0x674) [Time: 5] [1 outstanding requests]
cpu1: Received Request with command 2 (response to 233, addr 0x674) [Time: 5] [1 outstanding requests]
cpu2: Received Request with command 2 (response to 234, addr 0x674) [Time: 5] [1 outstanding requests]
cpu3: Received Request with command 2 (response to 235, addr 0x674) [Time: 5] [1 outstanding requests]
cpu0: 941 Issued Read (236) for address 0x504
cpu1: 941 Issued Read (237) for address 0x504
cpu2: 941 Issued Read (238) for address 0x504
cpu3: 941 Issued Read (239) for address 0x504
cpu0: Received Request with command 3 (response to 228, addr 0x578) [Time: 293] [1 outstanding requests]
cpu1: Received Request with command 3 (response to 229, addr 0x578) [Time: 345] [1 outstanding requests]
cpu2: Received Request with command 3 (response to 230, addr 0x578) [Time: 441] [1 outstanding requests]
cpu0: Received Request with command 2 (response to 236, addr 0x504) [Time: 293] [0 outstanding requests]
cpu1: Received Request with command 2 (response to 237, addr 0x504) [Time: 293] [0 outstanding requests]
cpu2: Received Request with command 2 (response to 238, addr 0x504) [Time: 293] [0 outstanding requests]
cpu3: Received Request with command 2 (response to 239, addr 0x504) [Time: 294] [1 outstanding requests]
cpu3: Received Request with command 3 (response to 231, addr 0x578) [Time: 493] [0 outstanding requests]
cpu0: 940 Issued Read (240) for address 0xdb0
cpu1: 940 Issued Read (241) for address 0xdb0
cpu2: 940 Issued Read (242) for address 0xdb0
cpu3: 940 Issued Read (243) for address 0xdb0
cpu3: Received Request with command 2 (response to 243, addr 0xdb0) [Time: 5] [0 outstanding requests]
cpu2: Received Request with command 2 (response to 242, addr 0xdb0) [Time: 100] [0 outstanding requests]
cpu0: Received Request with command 2 (response to 240, addr 0xdb0) [Time: 193] [0 outstanding requests]
cpu1: Received Request with command 2 (response to 241, addr 0xdb0) [Time: 193] [0 outstanding requests]
cpu0: 939 Issued Read (244) for address 0xdc0
cpu1: 939 Issued Read (245) for address 0xdc0
cpu2: 939 Issued Read (246) for address 0xdc0
cpu3: 939 Issued Read (247) for address 0xdc0
cpu0: 938 Issued Write (248) for address 0xf0c
cpu1: 938 Issued Write (249) for address 0xf0c
cpu2: 938 Issued Write (250) for address 0xf0c
cpu3: 938 Issued Write (251) for address 0xf0c
cpu0: 937 Issued Read (252) for address 0x74c
cpu1: 937 Issued Read (253) for address 0x74c
cpu2: 937 Issued Read (254) for address 0x74c
cpu3: 937 Issued Read (255) for address 0x74c
cpu0: Received Request with command 2 (response to 252, addr 0x74c) [Time: 5] [2 outstanding requests]
cpu1: Received Request with command 2 (response to 253, addr 0x74c) [Time: 5] [2 outstanding requests]
cpu2: Received Request with command 2 (response to 254, addr 0x74c) [Time: 5] [2 outstanding requests]
cpu3: Received Request with command 2 (response to 255, addr 0x74c) [Time: 5] [2 outstanding requests]
cpu0: 936 Issued Read (256) for address 0xfb4
cpu1: 936 Issued Read (257) for address 0xfb4
cpu2: 936 Issued Read (258) for address 0xfb4
cpu3: 936 Issued Read (259) for address 0xfb4
cpu0: Received Request with command 2 (response to 244, addr 0xdc0) [Time: 293] [2 outstanding requests]
cpu1: Received Request with command 2 (response to 245, addr 0xdc0) [Time: 293] [2 outstanding requests]
cpu2: Received Request with command 2 (response to 246, addr 0xdc0) [Time: 293] [2 outstanding requests]
cpu3: Received Request with command 2 (response to 247, addr 0xdc0) [Time: 294] [2 outstanding requests]
cpu0: Received Request with command 3 (response to 248, addr 0xf0c) [Time: 293] [1 outstanding requests]
cpu1: Received Request with command 3 (response to 249, addr 0xf0c) [Time: 345] [1 outstanding requests]
cpu2: Received Request with command 3 (response to 250, addr 0xf0c) [Time: 441] [1 outstanding requests]
cpu0: 935 Issued Read (260) for address 0xba8
cpu1: 935 Issued Read (261) for address 0xba8
cpu2: 935 Issued Read (262) for address 0xba8
cpu3: 935 Issued Read (263) for address 0xba8
cpu0: Received Request with command 2 (response to 260, addr 0xba8) [Time: 5] [1 outstanding requests]
cpu1: Received Request with command 2 (response to 261, addr 0xba8) [Time: 5] [1 outstanding requests]
cpu2: Received Request with command 2 (response to 262, addr 0xba8) [Time: 5] [1 outstanding requests]
cpu3: Received Request with command 2 (response to 263, addr 0xba8) [Time: 5] [2 outstanding requests]
cpu3: Received Request with command 3 (response to 251, addr 0xf0c) [Time: 493] [1 outstanding requests]
cpu0: 934 Issued Read (264) for address 0x174
cpu1: 934 Issued Read (265) for address 0x174
cpu2: 934 Issued Read (266) for address 0x174
cpu3: 934 Issued Read (267) for address 0x174
cpu0: Received Request with command 2 (response to 264, addr 0x174) [Time: 5] [1 outstanding requests]
cpu1: Received Request with command 2 (response to 265, addr 0x174) [Time: 5] [1 outstanding requests]
cpu2: Received Request with command 2 (response to 266, addr 0x174) [Time: 5] [1 outstanding requests]
cpu3: Received Request with command 2 (response to 267, addr 0x174) [Time: 5] [1 outstanding requests]
cpu0: Received Request with command 2 (response to 256, addr 0xfb4) [Time: 293] [0 outstanding requests]
cpu1: Received Request with command 2 (response to 257, addr 0xfb4) [Time: 293] [0 outstanding requests]
cpu2: Received Request with command 2 (response to 258, addr 0xfb4) [Time: 293] [0 outstanding requests]
cpu3: Received Request with command 2 (response to 259, addr 0xfb4) [Time: 294] [0 outstanding requests]
cpu0: 933 Issued Read (268) for address 0x7b4
cpu1: 933 Issued Read (269) for address 0x7b4
cpu2: 933 Issued Read (270) for address 0x7b4
cpu3: 933 Issued Read (271) for address 0x7b4
cpu0: Received Request with command 2 (response to 268, addr 0x7b4) [Time: 5] [0 outstanding requests]
cpu1: Received Request with command 2 (response to 269, addr 0x7b4) [Time: 5] [0 outstanding requests]
cpu2: Received Request with command 2 (response to 270, addr 0x7b4) [Time: 5] [0 outstanding requests]
cpu3: Received Request with command 2 (response to 271, addr 0x7b4) [Time: 5] [0 outstanding requests]
cpu0: 932 Issued Read (272) for address 0x20c
cpu1: 932 Issued Read (273) for address 0x20c
cpu2: 932 Issued Read (274) for address 0x20c
cpu3: 932 Issued Read (275) for address 0x20c
cpu0: 931 Issued Read (276) for address 0xf34
cpu1: 931 Issued Read (277) for address 0xf34
cpu2: 931 Issued Read (278) for address 0xf34
cpu3: 931 Issued Read (279) for address 0xf34
cpu3: Received Request with command 2 (response to 279, addr 0xf34) [Time: 5] [1 outstanding requests]
cpu0: 930 Issued Write (280) for address 0x3d8
cpu1: 930 Issued Write (281) for address 0x3d8
cpu2: 930 Issued Write (282) for address 0x3d8
cpu3: 930 Issued Write (283) for address 0x3d8
cpu2: Received Request with command 2 (response to 278, addr 0xf34) [Time: 100] [2 outstanding requests]
cpu0: Received Request with command 2 (response to 272, addr 0x20c) [Time: 293] [2 outstanding requests]
cpu1: Received Request with command 2 (response to 273, addr 0x20c) [Time: 293] [2 outstanding requests]
cpu2: Received Request with command 2 (response to 274, addr 0x20c) [Time: 293] [1 outstanding requests]
cpu3: Received Request with command 2 (response to 275, addr 0x20c) [Time: 294] [1 outstanding requests]
cpu0: 929 Issued Read (284) for address 0xa84
cpu1: 929 Issued Read (285) for address 0xa84
cpu2: 929 Issued Read (286) for address 0xa84
cpu3: 929 Issued Read (287) for address 0xa84
cpu0: 928 Issued Read (288) for address 0xf44
cpu1: 928 Issued Read (289) for address 0xf44
cpu2: 928 Issued Read (290) for address 0xf44
cpu3: 928 Issued Read (291) for address 0xf44
cpu0: Received Request with command 2 (response to 288, addr 0xf44) [Time: 5] [3 outstanding requests]
cpu1: Received Request with command 2 (response to 289, addr 0xf44) [Time: 5] [3 outstanding requests]
cpu2: Received Request with command 2 (response to 290, addr 0xf44) [Time: 5] [2 outstanding requests]
cpu3: Received Request with command 2 (response to 291, addr 0xf44) [Time: 5] [2 outstanding requests]
cpu0: Received Request with command 2 (response to 276, addr 0xf34) [Time: 193] [2 outstanding requests]
cpu1: Received Request with command 2 (response to 277, addr 0xf34) [Time: 193] [2 outstanding requests]
cpu0: 927 Issued Read (292) for address 0x190
cpu1: 927 Issued Read (293) for address 0x190
cpu2: 927 Issued Read (294) for address 0x190
cpu3: 927 Issued Read (295) for address 0x190
cpu0: Received Request with command 2 (response to 292, addr 0x190) [Time: 5] [2 outstanding requests]
cpu1: Received Request with command 2 (response to 293, addr 0x190) [Time: 5] [2 outstanding requests]
cpu2: Received Request with command 2 (response to 294, addr 0x190) [Time: 5] [2 outstanding requests]
cpu3: Received Request with command 2 (response to 295, addr 0x190) [Time: 5] [2 outstanding requests]
cpu0: 926 Issued Read (296) for address 0xc40
cpu1: 926 Issued Read (297) for address 0xc40
cpu2: 926 Issued Read (298) for address 0xc40
cpu3: 926 Issued Read (299) for address 0xc40
cpu0: Received Request with command 3 (response to 280, addr 0x3d8) [Time: 353] [2 outstanding requests]
cpu1: Received Request with command 3 (response to 281, addr 0x3d8) [Time: 396] [2 outstanding requests]
cpu0: 925 Issued Read (300) for address 0xf6c
cpu1: 925 Issued Read (301) for address 0xf6c
cpu2: 925 Issued Read (302) for address 0xf6c
cpu3: 925 Issued Read (303) for address 0xf6c
cpu2: Received Request with command 2 (response to 286, addr 0xa84) [Time: 293] [3 outstanding requests]
cpu3: Received Request with command 2 (response to 287, addr 0xa84) [Time: 294] [3 outstanding requests]
cpu0: Received Request with command 2 (response to 300, addr 0xf6c) [Time: 5] [2 outstanding requests]
cpu1: Received Request with command 2 (response to 301, addr 0xf6c) [Time: 5] [2 outstanding requests]
cpu2: Received Request with command 2 (response to 302, addr 0xf6c) [Time: 5] [2 outstanding requests]
cpu3: Received Request with command 2 (response to 303, addr 0xf6c) [Time: 5] [2 outstanding requests]
cpu0: Received Request with command 2 (response to 284, addr 0xa84) [Time: 302] [1 outstanding requests]
cpu1: Received Request with command 2 (response to 285, addr 0xa84) [Time: 303] [1 outstanding requests]
cpu0: 924 Issued Read (304) for address 0x920
cpu1: 924 Issued Read (305) for address 0x920
cpu2: 924 Issued Read (306) for address 0x920
cpu3: 924 Issued Read (307) for address 0x920
cpu0: Received Request with command 2 (response to 304, addr 0x920) [Time: 5] [1 outstanding requests]
cpu1: Received Request with command 2 (response to 305, addr 0x920) [Time: 5] [1 outstanding requests]
cpu2: Received Request with command 2 (response to 306, addr 0x920) [Time: 5] [2 outstanding requests]
cpu3: Received Request with command 2 (response to 307, addr 0x920) [Time: 5] [2 outstanding requests]
cpu2: Received Request with command 3 (response to 282, addr 0x3d8) [Time: 492] [1 outstanding requests]
cpu0: Received Request with command 2 (response to 296, addr 0xc40) [Time: 293] [0 outstanding requests]
cpu1: Received Request with command 2 (response to 297, addr 0xc40) [Time: 293] [0 outstanding requests]
cpu2: Received Request with command 2 (response to 298, addr 0xc40) [Time: 293] [0 outstanding requests]
cpu3: Received Request with command 2 (response to 299, addr 0xc40) [Time: 294] [1 outstanding requests]
cpu3: Received Request with command 3 (response to 283, addr 0x3d8) [Time: 544] [0 outstanding requests]
cpu0: 923 Issued Read (308) for address 0xe40
cpu1: 923 Issued Read (309) for address 0xe40
cpu2: 923 Issued Read (310) for address 0xe40
cpu3: 923 Issued Read (311) for address 0xe40
cpu0: 922 Issued Write (312) for address 0x6fc
cpu1: 922 Issued Write (313) for address 0x6fc
cpu2: 922 Issued Write (314) for address 0x6fc
cpu3: 922 Issued Write (315) for address 0x6fc
cpu0: 921 Issued Read (316) for address 0x744
cpu1: 921 Issued Read (317) for address 0x744
cpu2: 921 Issued Read (318) for address 0x744
cpu3: 921 Issued Read (319) for address 0x744
cpu0: Received Request with command 2 (response to 316, addr 0x744) [Time: 5] [2 outstanding requests]
cpu1: Received Request with command 2 (response to 317, addr 0x744) [Time: 5] [2 outstanding requests]
cpu2: Received Request with command 2 (response to 318, addr 0x744) [Time: 5] [2 outstanding requests]
cpu3: Received Request with command 2 (response to 319, addr 0x744) [Time: 5] [2 outstanding requests]
cpu0: 920 Issued Read (320) for address 0x484
cpu1: 920 Issued Read (321) for address 0x484
cpu2: 920 Issued Read (322) for address 0x484
cpu3: 920 Issued Read (323) for address 0x484
cpu0: 919 Issued Read (324) for address 0x47c
cpu1: 919 Issued Read (325) for address 0x47c
cpu2: 919 Issued Read (326) for address 0x47c
cpu3: 919 Issued Read (327) for address 0x47c
cpu0: Received Request with command 2 (response to 324, addr 0x47c) [Time: 5] [3 outstanding requests]
cpu1: Received Request with command 2 (response to 325, addr 0x47c) [Time: 5] [3 outstanding requests]
cpu2: Received Request with command 2 (response to 326, addr 0x47c) [Time: 5] [3 outstanding requests]
cpu3: Received Request with command 2 (response to 327, addr 0x47c) [Time: 5] [3 outstanding requests]
cpu0: 918 Issued Read (328) for address 0xbc0
cpu1: 918 Issued Read (329) for address 0xbc0
cpu2: 918 Issued Read (330) for address 0xbc0
cpu3: 918 Issued Read (331) for address 0xbc0
cpu0: Received Request with command 2 (response to 308, addr 0xe40) [Time: 293] [3 outstanding requests]
cpu1: Received Request with command 2 (response to 309, addr 0xe40) [Time: 293] [3 outstanding requests]
cpu2: Received Request with command 2 (response to 310, addr 0xe40) [Time: 293] [3 outstanding requests]
cpu3: Received Request with command 2 (response to 311, addr 0xe40) [Time: 294] [3 outstanding requests]
cpu0: 917 Issued Read (332) for address 0x910
cpu1: 917 Issued Read (333) for address 0x910
cpu2: 917 Issued Read (334) for address 0x910
cpu3: 917 Issued Read (335) for address 0x910
cpu0: Received Request with command 2 (response to 332, addr 0x910) [Time: 5] [3 outstanding requests]
cpu1: Received Request with command 2 (response to 333, addr 0x910) [Time: 5] [3 outstanding requests]
cpu2: Received Request with command 2 (response to 334, addr 0x910) [Time: 5] [3 outstanding requests]
cpu3: Received Request with command 2 (response to 335, addr 0x910) [Time: 5] [3 outstanding requests]
cpu0: Received Request with command 3 (response to 312, addr 0x6fc) [Time: 353] [2 outstanding requests]
cpu0: 916 Issued Read (336) for address 0xe68
cpu1: 916 Issued Read (337) for address 0xe68
cpu2: 916 Issued Read (338) for address 0xe68
cpu3: 916 Issued Read (339) for address 0xe68
cpu0: Received Request with command 2 (response to 336, addr 0xe68) [Time: 5] [2 outstanding requests]
cpu1: Received Request with command 2 (response to 337, addr 0xe68) [Time: 5] [3 outstanding requests]
cpu2: Received Request with command 2 (response to 338, addr 0xe68) [Time: 5] [3 outstanding requests]
cpu3: Received Request with command 2 (response to 339, addr 0xe68) [Time: 5] [3 outstanding requests]
cpu0: 915 Issued Write (340) for address 0xcb0
cpu1: 915 Issued Write (341) for address 0xcb0
cpu2: 915 Issued Write (342) for address 0xcb0
cpu3: 915 Issued Write (343) for address 0xcb0
cpu0: 914 Issued Read (344) for address 0x300
cpu1: 914 Issued Read (345) for address 0x300
cpu2: 914 Issued Read (346) for address 0x300
cpu3: 914 Issued Read (347) for address 0x300
cpu0: Received Request with command 2 (response to 320, addr 0x484) [Time: 293] [3 outstanding requests]
cpu1: Received Request with command 2 (response to 321, addr 0x484) [Time: 293] [4 outstanding requests]
cpu2: Received Request with command 2 (response to 322, addr 0x484) [Time: 293] [4 outstanding requests]
cpu3: Received Request with command 2 (response to 323, addr 0x484) [Time: 294] [4 outstanding requests]
cpu1: Received Request with command 3 (response to 313, addr 0x6fc) [Time: 396] [3 outstanding requests]
cpu0: 913 Issued Read (348) for address 0xeac
cpu1: 913 Issued Read (349) for address 0xeac
cpu2: 913 Issued Read (350) for address 0xeac
cpu3: 913 Issued Read (351) for address 0xeac
cpu2: Received Request with command 3 (response to 314, addr 0x6fc) [Time: 492] [4 outstanding requests]
cpu0: Received Request with command 2 (response to 348, addr 0xeac) [Time: 5] [3 outstanding requests]
cpu1: Received Request with command 2 (response to 349, addr 0xeac) [Time: 5] [3 outstanding requests]
cpu0: Received Request with command 2 (response to 328, addr 0xbc0) [Time: 293] [2 outstanding requests]
cpu1: Received Request with command 2 (response to 329, addr 0xbc0) [Time: 293] [2 outstanding requests]
cpu2: Received Request with command 2 (response to 330, addr 0xbc0) [Time: 293] [3 outstanding requests]
cpu3: Received Request with command 2 (response to 331, addr 0xbc0) [Time: 294] [4 outstanding requests]
cpu3: Received Request with command 2 (response to 351, addr 0xeac) [Time: 57] [3 outstanding requests]
cpu2: Received Request with command 2 (response to 350, addr 0xeac) [Time: 58] [2 outstanding requests]
cpu3: Received Request with command 3 (response to 315, addr 0x6fc) [Time: 547] [2 outstanding requests]
cpu0: 912 Issued Read (352) for address 0x484
cpu1: 912 Issued Read (353) for address 0x484
cpu2: 912 Issued Read (354) for address 0x484
cpu3: 912 Issued Read (355) for address 0x484
cpu0: Received Request with command 2 (response to 352, addr 0x484) [Time: 5] [2 outstanding requests]
cpu1: Received Request with command 2 (response to 353, addr 0x484) [Time: 5] [2 outstanding requests]
cpu2: Received Request with command 2 (response to 354, addr 0x484) [Time: 5] [2 outstanding requests]
cpu3: Received Request with command 2 (response to 355, addr 0x484) [Time: 5] [2 outstanding requests]
cpu0: Received Request with command 3 (response to 340, addr 0xcb0) [Time: 353] [1 outstanding requests]
cpu2: Received Request with command 2 (response to 346, addr 0x300) [Time: 349] [1 outstanding requests]
cpu3: Received Request with command 2 (response to 347, addr 0x300) [Time: 349] [1 outstanding requests]
cpu0: Received Request with command 2 (response to 344, addr 0x300) [Time: 350] [0 outstanding requests]
cpu1: Received Request with command 2 (response to 345, addr 0x300) [Time: 350] [1 outstanding requests]
cpu1: Received Request with command 3 (response to 341, addr 0xcb0) [Time: 396] [0 outstanding requests]
cpu0: 911 Issued Read (356) for address 0x2a4
cpu1: 911 Issued Read (357) for address 0x2a4
cpu2: 911 Issued Read (358) for address 0x2a4
cpu3: 911 Issued Read (359) for address 0x2a4
cpu0: Received Request with command 2 (response to 356, addr 0x2a4) [Time: 5] [0 outstanding requests]
cpu1: Received Request with command 2 (response to 357, addr 0x2a4) [Time: 5] [0 outstanding requests]
cpu2: Received Request with command 2 (response to 358, addr 0x2a4) [Time: 5] [1 outstanding requests]
cpu3: Received Request with command 2 (response to 359, addr 0x2a4) [Time: 5] [1 outstanding requests]
cpu2: Received Request with command 3 (response to 342, addr 0xcb0) [Time: 492] [0 outstanding requests]
cpu0: 910 Issued Read (360) for address 0x480
cpu1: 910 Issued Read (361) for address 0x480
cpu2: 910 Issued Read (362) for address 0x480
cpu3: 910 Issued Read (363) for address 0x480
cpu0: Received Request with command 2 (response to 360, addr 0x480) [Time: 5] [0 outstanding requests]
cpu1: Received Request with command 2 (response to 361, addr 0x480) [Time: 5] [0 outstanding requests]
cpu2: Received Request with command 2 (response to 362, addr 0x480) [Time: 5] [0 outstanding requests]
cpu3: Received Request with command 2 (response to 363, addr 0x480) [Time: 5] [1 outstanding requests]
cpu3: Received Request with command 3 (response to 343, addr 0xcb0) [Time: 544] [0 outstanding requests]
cpu0: 909 Issued Read (364) for address 0x9c4
cpu1: 909 Issued Read (365) for address 0x9c4
cpu2: 909 Issued Read (366) for address 0x9c4
cpu3: 909 Issued Read (367) for address 0x9c4
cpu0: Received Request with command 2 (response to 364, addr 0x9c4) [Time: 5] [0 outstanding requests]
cpu1: Received Request with command 2 (response to 365, addr 0x9c4) [Time: 5] [0 outstanding requests]
cpu2: Received Request with command 2 (response to 366, addr 0x9c4) [Time: 5] [0 outstanding requests]
cpu3: Received Request with command 2 (response to 367, addr 0x9c4) [Time: 5] [0 outstanding requests]
cpu0: 908 Issued Read (368) for address 0x84c
cpu1: 908 Issued Read (369) for address 0x84c
cpu2: 908 Issued Read (370) for address 0x84c
cpu3: 908 Issued Read (371) for address 0x84c
cpu0: 907 Issued Read (372) for address 0xca8
cpu1: 907 Issued Read (373) for address 0xca8
cpu2: 907 Issued Read (374) for address 0xca8
cpu3: 907 Issued Read (375) for address 0xca8
cpu3: Received Request with command 2 (response to 375, addr 0xca8) [Time: 5] [1 outstanding requests]
cpu0: 906 Issued Read (376) for address 0xafc
cpu1: 906 Issued Read (377) for address 0xafc
cpu2: 906 Issued Read (378) for address 0xafc
cpu3: 906 Issued Read (379) for address 0xafc
cpu0: Received Request with command 2 (response to 376, addr 0xafc) [Time: 5] [2 outstanding requests]
cpu1: Received Request with command 2 (response to 377, addr 0xafc) [Time: 5] [2 outstanding requests]
cpu2: Received Request with command 2 (response to 378, addr 0xafc) [Time: 5] [2 outstanding requests]
cpu3: Received Request with command 2 (response to 379, addr 0xafc) [Time: 5] [1 outstanding requests]
cpu0: 905 Issued Read (380) for address 0x2e8
cpu1: 905 Issued Read (381) for address 0x2e8
cpu2: 905 Issued Read (382) for address 0x2e8
cpu3: 905 Issued Read (383) for address 0x2e8
cpu0: Received Request with command 2 (response to 368, addr 0x84c) [Time: 293] [2 outstanding requests]
cpu1: Received Request with command 2 (response to 369, addr 0x84c) [Time: 293] [2 outstanding requests]
cpu2: Received Request with command 2 (response to 370, addr 0x84c) [Time: 293] [2 outstanding requests]
cpu3: Received Request with command 2 (response to 371, addr 0x84c) [Time: 294] [1 outstanding requests]
cpu0: 904 Issued Read (384) for address 0x7d4
cpu1: 904 Issued Read (385) for address 0x7d4
cpu2: 904 Issued Read (386) for address 0x7d4
cpu3: 904 Issued Read (387) for address 0x7d4
cpu2: Received Request with command 2 (response to 374, addr 0xca8) [Time: 100] [2 outstanding requests]
cpu0: 903 Issued Read (388) for address 0x728
cpu1: 903 Issued Read (389) for address 0x728
cpu2: 903 Issued Read (390) for address 0x728
cpu3: 903 Issued Read (391) for address 0x728
cpu0: Received Request with command 2 (response to 388, addr 0x728) [Time: 5] [3 outstanding requests]
cpu1: Received Request with command 2 (response to 389, addr 0x728) [Time: 5] [3 outstanding requests]
cpu2: Received Request with command 2 (response to 390, addr 0x728) [Time: 5] [2 outstanding requests]
cpu3: Received Request with command 2 (response to 391, addr 0x728) [Time: 5] [2 outstanding requests]
cpu0: Received Request with command 2 (response to 372, addr 0xca8) [Time: 201] [2 outstanding requests]
cpu0: 902 Issued Read (392) for address 0x9e8
cpu1: 902 Issued Read (393) for address 0x9e8
cpu2: 902 Issued Read (394) for address 0x9e8
cpu3: 902 Issued Read (395) for address 0x9e8
cpu1: Received Request with command 2 (response to 373, addr 0xca8) [Time: 202] [3 outstanding requests]
cpu0: Received Request with command 2 (response to 392, addr 0x9e8) [Time: 5] [2 outstanding requests]
cpu1: Received Request with command 2 (response to 393, addr 0x9e8) [Time: 5] [2 outstanding requests]
cpu2: Received Request with command 2 (response to 394, addr 0x9e8) [Time: 5] [2 outstanding requests]
cpu3: Received Request with command 2 (response to 395, addr 0x9e8) [Time: 5] [2 outstanding requests]
cpu0: 901 Issued Write (396) for address 0x4f4
cpu1: 901 Issued Write (397) for address 0x4f4
cpu2: 901 Issued Write (398) for address 0x4f4
cpu3: 901 Issued Write (399) for address 0x4f4
cpu0: Received Request with command 2 (response to 380, addr 0x2e8) [Time: 293] [2 outstanding requests]
cpu1: Received Request with command 2 (response to 381, addr 0x2e8) [Time: 293] [2 outstanding requests]
cpu2: Received Request with command 2 (response to 382, addr 0x2e8) [Time: 293] [2 outstanding requests]
cpu3: Received Request with command 2 (response to 383, addr 0x2e8) [Time: 294] [2 outstanding requests]
cpu0: Received Request with command 2 (response to 384, addr 0x7d4) [Time: 293] [1 outstanding requests]
cpu1: Received Request with command 2 (response to 385, addr 0x7d4) [Time: 293] [1 outstanding requests]
cpu2: Received Request with command 2 (response to 386, addr 0x7d4) [Time: 293] [1 outstanding requests]
cpu3: Received Request with command 2 (response to 387, addr 0x7d4) [Time: 294] [1 outstanding requests]
cpu0: 900 Issued Read (400) for address 0x758
cpu1: 900 Issued Read (401) for address 0x758
cpu2: 900 Issued Read (402) for address 0x758
cpu3: 900 Issued Read (403) for address 0x758
cpu0: Received Request with command 2 (response to 400, addr 0x758) [Time: 5] [1 outstanding requests]
cpu1: Received Request with command 2 (response to 401, addr 0x758) [Time: 5] [1 outstanding requests]
cpu2: Received Request with command 2 (response to 402, addr 0x758) [Time: 5] [1 outstanding requests]
cpu3: Received Request with command 2 (response to 403, addr 0x758) [Time: 5] [1 outstanding requests]
cpu0: 899 Issued Read (404) for address 0xda8
cpu1: 899 Issued Read (405) for address 0xda8
cpu2: 899 Issued Read (406) for address 0xda8
cpu3: 899 Issued Read (407) for address 0xda8
cpu0: Received Request with command 2 (response to 404, addr 0xda8) [Time: 5] [1 outstanding requests]
cpu1: Received Request with command 2 (response to 405, addr 0xda8) [Time: 5] [1 outstanding requests]
cpu0: 898 Issued Read (408) for address 0x644
cpu1: 898 Issued Read (409) for address 0x644
cpu2: 898 Issued Read (410) for address 0x644
cpu3: 898 Issued Read (411) for address 0x644
cpu0: Received Request with command 2 (response to 408, addr 0x644) [Time: 5] [1 outstanding requests]
cpu1: Received Request with command 2 (response to 409, addr 0x644) [Time: 5] [1 outstanding requests]
cpu2: Received Request with command 2 (response to 410, addr 0x644) [Time: 5] [2 outstanding requests]
cpu3: Received Request with command 2 (response to 411, addr 0x644) [Time: 5] [2 outstanding requests]
cpu2: Received Request with command 2 (response to 406, addr 0xda8) [Time: 57] [1 outstanding requests]
cpu3: Received Request with command 2 (response to 407, addr 0xda8) [Time: 58] [1 outstanding requests]
cpu0: 897 Issued Read (412) for address 0xab8
cpu1: 897 Issued Read (413) for address 0xab8
cpu2: 897 Issued Read (414) for address 0xab8
cpu3: 897 Issued Read (415) for address 0xab8
cpu0: Received Request with command 2 (response to 412, addr 0xab8) [Time: 5] [1 outstanding requests]
cpu1: Received Request with command 2 (response to 413, addr 0xab8) [Time: 5] [1 outstanding requests]
cpu2: Received Request with command 2 (response to 414, addr 0xab8) [Time: 5] [1 outstanding requests]
cpu3: Received Request with command 2 (response to 415, addr 0xab8) [Time: 5] [1 outstanding requests]
cpu0: 896 Issued Write (416) for address 0xcfc
cpu1: 896 Issued Write (417) for address 0xcfc
cpu2: 896 Issued Write (418) for address 0xcfc
cpu3: 896 Issued Write (419) for address 0xcfc
cpu0: Received Request with command 3 (response to 396, addr 0x4f4) [Time: 353] [1 outstanding requests]
cpu0: 895 Issued Read (420) for address 0x6f8
cpu1: 895 Issued Read (421) for address 0x6f8
cpu2: 895 Issued Read (422) for address 0x6f8
cpu3: 895 Issued Read (423) for address 0x6f8
cpu3: Received Request with command 2 (response to 423, addr 0x6f8) [Time: 5] [2 outstanding requests]
cpu1: Received Request with command 3 (response to 397, addr 0x4f4) [Time: 397] [2 outstanding requests]
cpu0: 894 Issued Read (424) for address 0x128
cpu1: 894 Issued Read (425) for address 0x128
cpu2: 894 Issued Read (426) for address 0x128
cpu3: 894 Issued Read (427) for address 0x128

--------------------------------------------------------------------
--- Cache Stats
--- Name: c0.l1cache
--------------------------------------------------------------------
- Total misses: 68
- Total hits:  104
- Hit ratio:  60.465%
- Miss ratio:  39.535%
- Read misses:  56
- Write misses:  12
- GetS received: 93
- GetX received: 11
- GetSEx received: 0
- GetS-IS misses:  56
- GetX-SM misses:  7
- GetX-IM misses:  5
- GetS hits:  93
- GetX hits:  11
- Average updgrade latency:  285 cycles
- PutS received:  0
- PutM received:  0
- PUTM sent due to invalidations:  11
- PUTE sent due to invalidations:  0
- PUTX sent due to invalidations:  0
- PUTS sent due to evictions:  0
- PUTM sent due to evictions:  0
- PUTE sent due to evictions:  0
- Inv received stalled bc atomic lock:  0
- Total requests received:  183
- Total requests handled by MSHR (MSHR hits):  67

--------------------------------------------------------------------
--- Cache Stats
--- Name: c1.l1cache
--------------------------------------------------------------------
- Total misses: 68
- Total hits:  104
- Hit ratio:  60.465%
- Miss ratio:  39.535%
- Read misses:  56
- Write misses:  12
- GetS received: 93
- GetX received: 11
- GetSEx received: 0
- GetS-IS misses:  56
- GetX-SM misses:  7
- GetX-IM misses:  5
- GetS hits:  93
- GetX hits:  11
- Average updgrade latency:  293 cycles
- PutS received:  0
- PutM received:  0
- PUTM sent due to invalidations:  11
- PUTE sent due to invalidations:  0
- PUTX sent due to invalidations:  0
- PUTS sent due to evictions:  0
- PUTM sent due to evictions:  0
- PUTE sent due to evictions:  0
- Inv received stalled bc atomic lock:  0
- Total requests received:  189
- Total requests handled by MSHR (MSHR hits):  67

--------------------------------------------------------------------
--- Cache Stats
--- Name: c2.l1cache
--------------------------------------------------------------------
- Total misses: 70
- Total hits:  103
- Hit ratio:  59.538%
- Miss ratio:  40.462%
- Read misses:  58
- Write misses:  12
- GetS received: 93
- GetX received: 10
- GetSEx received: 0
- GetS-IS misses:  58
- GetX-SM misses:  7
- GetX-IM misses:  5
- GetS hits:  93
- GetX hits:  10
- Average updgrade latency:  292 cycles
- PutS received:  0
- PutM received:  0
- PUTM sent due to invalidations:  10
- PUTE sent due to invalidations:  0
- PUTX sent due to invalidations:  0
- PUTS sent due to evictions:  0
- PUTM sent due to evictions:  0
- PUTE sent due to evictions:  0
- Inv received stalled bc atomic lock:  0
- Total requests received:  194
- Total requests handled by MSHR (MSHR hits):  68

--------------------------------------------------------------------
--- Cache Stats
--- Name: c3.l1cache
--------------------------------------------------------------------
- Total misses: 64
- Total hits:  104
- Hit ratio:  61.905%
- Miss ratio:  38.095%
- Read misses:  52
- Write misses:  12
- GetS received: 94
- GetX received: 10
- GetSEx received: 0
- GetS-IS misses:  52
- GetX-SM misses:  7
- GetX-IM misses:  5
- GetS hits:  94
- GetX hits:  10
- Average updgrade latency:  316 cycles
- PutS received:  0
- PutM received:  0
- PUTM sent due to invalidations:  0
- PUTE sent due to invalidations:  0
- PUTX sent due to invalidations:  6
- PUTS sent due to evictions:  0
- PUTM sent due to evictions:  0
- PUTE sent due to evictions:  0
- Inv received stalled bc atomic lock:  0
- Total requests received:  185
- Total requests handled by MSHR (MSHR hits):  63
TrivialCPU cpu0 Finished after 107 issued reads, 104 returned (9999 clocks)
Number of Pending Requests per Cycle (Binned by 2 Requests)
  [0, 2]  3991
  [2, 4]  4864
  [4, 6]  976
TrivialCPU cpu1 Finished after 107 issued reads, 104 returned (9999 clocks)
Number of Pending Requests per Cycle (Binned by 2 Requests)
  [0, 2]  3806
  [2, 4]  4992
  [4, 6]  984
TrivialCPU cpu2 Finished after 107 issued reads, 103 returned (9999 clocks)
Number of Pending Requests per Cycle (Binned by 2 Requests)
  [0, 2]  3427
  [2, 4]  5242
  [4, 6]  1039
TrivialCPU cpu3 Finished after 107 issued reads, 104 returned (9999 clocks)
Number of Pending Requests per Cycle (Binned by 2 Requests)
  [0, 2]  3440
  [2, 4]  5217
  [4, 6]  1008

--------------------------------------------------------------------
--- Cache Stats
--- Name: l3cache
--------------------------------------------------------------------
- Total misses: 61
- Total hits:  142
- Hit ratio:  69.951%
- Miss ratio:  30.049%
- Read misses:  49
- Write misses:  12
- GetS received: 109
- GetX received: 33
- GetSEx received: 0
- GetS-IS misses:  49
- GetX-SM misses:  7
- GetX-IM misses:  5
- GetS hits:  109
- GetX hits:  33
- Average updgrade latency:  124 cycles
- PutS received:  0
- PutM received:  16
- PUTM sent due to invalidations:  0
- PUTE sent due to invalidations:  0
- PUTX sent due to invalidations:  0
- PUTS sent due to evictions:  0
- PUTM sent due to evictions:  0
- PUTE sent due to evictions:  0
- Inv received stalled bc atomic lock:  0
- Total requests received:  204
- Total requests handled by MSHR (MSHR hits):  136
Invalidates sent (non-eviction): 23
Invalidates sent due to evictions: 0

--------------------------------------------------------------------
--- Cache Stats
--- Name: n0.l2cache
--------------------------------------------------------------------
- Total misses: 67
- Total hits:  141
- Hit ratio:  67.788%
- Miss ratio:  32.212%
- Read misses:  55
- Write misses:  12
- GetS received: 108
- GetX received: 33
- GetSEx received: 0
- GetS-IS misses:  55
- GetX-SM misses:  7
- GetX-IM misses:  5
- GetS hits:  108
- GetX hits:  33
- Average updgrade latency:  153 cycles
- PutS received:  0
- PutM received:  22
- PUTM sent due to invalidations:  11
- PUTE sent due to invalidations:  0
- PUTX sent due to invalidations:  0
- PUTS sent due to evictions:  0
- PUTM sent due to evictions:  0
- PUTE sent due to evictions:  0
- Inv received stalled bc atomic lock:  0
- Total requests received:  232
- Total requests handled by MSHR (MSHR hits):  163
Invalidates sent (non-eviction): 28
Invalidates sent due to evictions: 0

--------------------------------------------------------------------
--- Cache Stats
--- Name: n1.l2cache
--------------------------------------------------------------------
- Total misses: 61
- Total hits:  144
- Hit ratio:  70.244%
- Miss ratio:  29.756%
- Read misses:  49
- Write misses:  12
- GetS received: 114
- GetX received: 30
- GetSEx received: 0
- GetS-IS misses:  49
- GetX-SM misses:  7
- GetX-IM misses:  5
- GetS hits:  114
- GetX hits:  30
- Average updgrade latency:  178 cycles
- PutS received:  0
- PutM received:  16
- PUTM sent due to invalidations:  0
- PUTE sent due to invalidations:  0
- PUTX sent due to invalidations:  5
- PUTS sent due to evictions:  0
- PUTM sent due to evictions:  0
- PUTE sent due to evictions:  0
- Inv received stalled bc atomic lock:  0
- Total requests received:  218
- Total requests handled by MSHR (MSHR hits):  134
Invalidates sent (non-eviction): 38
Invalidates sent due to evictions: 0
Simulation is complete, simulated time: 10 us
