Inserting stop event at cycle 10000ns, 10000000
cpu: 10000 Issued Write (4) for address 0xc4f00
cpu: 9999 Issued Read (8) for address 0x4c154
cpu: 9998 Issued Read (a) for address 0x45454
cpu: 9997 Issued Read (13) for address 0x917c8
cpu: 9996 Issued Read (1a) for address 0xd43cc
cpu: 9995 Issued Read (1e) for address 0x63fc4
cpu: 9994 Issued Read (27) for address 0x367c8
cpu: Received MemEvent with command 4 (response to 4, addr 0xc4f00) [Time: 312] [6 outstanding requests]
cpu: Received MemEvent with command 2 (response to 8, addr 0x4c154) [Time: 312] [5 outstanding requests]
cpu: Received MemEvent with command 2 (response to a, addr 0x45454) [Time: 312] [4 outstanding requests]
cpu: 9993 Issued Read (42) for address 0xbb5e0
cpu: Received MemEvent with command 2 (response to 13, addr 0x917c8) [Time: 312] [4 outstanding requests]
cpu: 9992 Issued Read (48) for address 0x30ebc
cpu: Received MemEvent with command 2 (response to 1a, addr 0xd43cc) [Time: 312] [4 outstanding requests]
cpu: 9991 Issued Read (4d) for address 0xe2294
cpu: Received MemEvent with command 2 (response to 1e, addr 0x63fc4) [Time: 312] [4 outstanding requests]
cpu: Received MemEvent with command 2 (response to 27, addr 0x367c8) [Time: 312] [3 outstanding requests]
cpu: Received MemEvent with command 2 (response to 42, addr 0xbb5e0) [Time: 312] [2 outstanding requests]
cpu: Received MemEvent with command 2 (response to 48, addr 0x30ebc) [Time: 312] [1 outstanding requests]
cpu: Received MemEvent with command 2 (response to 4d, addr 0xe2294) [Time: 312] [0 outstanding requests]
cpu: 9990 Issued Read (69) for address 0xe34a4
cpu: 9989 Issued Read (72) for address 0xc6008
cpu: Received MemEvent with command 2 (response to 69, addr 0xe34a4) [Time: 312] [1 outstanding requests]
cpu: 9988 Issued Read (79) for address 0x90f30
cpu: 9987 Issued Write (7d) for address 0xca834
cpu: 9986 Issued Read (7f) for address 0x2fc04
cpu: Received MemEvent with command 2 (response to 72, addr 0xc6008) [Time: 312] [3 outstanding requests]
cpu: 9985 Issued Read (92) for address 0xd1f50
cpu: 9984 Issued Read (9a) for address 0x4ae28
cpu: Received MemEvent with command 2 (response to 79, addr 0x90f30) [Time: 312] [4 outstanding requests]
cpu: 9983 Issued Read (a1) for address 0xf15e8
cpu: Received MemEvent with command 4 (response to 7d, addr 0xca834) [Time: 312] [4 outstanding requests]
cpu: Received MemEvent with command 2 (response to 7f, addr 0x2fc04) [Time: 312] [3 outstanding requests]
cpu: 9982 Issued Read (ad) for address 0x6db48
cpu: Received MemEvent with command 2 (response to 92, addr 0xd1f50) [Time: 312] [3 outstanding requests]
cpu: Received MemEvent with command 2 (response to 9a, addr 0x4ae28) [Time: 312] [2 outstanding requests]
cpu: Received MemEvent with command 2 (response to a1, addr 0xf15e8) [Time: 312] [1 outstanding requests]
cpu: 9981 Issued Read (c2) for address 0xcabb4
cpu: Received MemEvent with command 2 (response to ad, addr 0x6db48) [Time: 312] [1 outstanding requests]
cpu: 9980 Issued Read (c8) for address 0x47ecc
cpu: 9979 Issued Read (cb) for address 0x698f0
cpu: 9978 Issued Read (d4) for address 0xc1f54
cpu: 9977 Issued Read (d7) for address 0x5e8b0
cpu: Received MemEvent with command 2 (response to c2, addr 0xcabb4) [Time: 312] [4 outstanding requests]
cpu: Received MemEvent with command 2 (response to c8, addr 0x47ecc) [Time: 312] [3 outstanding requests]
cpu: Received MemEvent with command 2 (response to cb, addr 0x698f0) [Time: 312] [2 outstanding requests]
cpu: 9976 Issued Read (f2) for address 0x2cf70
cpu: 9975 Issued Read (f4) for address 0xe81f4
cpu: Received MemEvent with command 2 (response to d4, addr 0xc1f54) [Time: 312] [3 outstanding requests]
cpu: Received MemEvent with command 2 (response to d7, addr 0x5e8b0) [Time: 314] [2 outstanding requests]
cpu: Received MemEvent with command 2 (response to f2, addr 0x2cf70) [Time: 312] [1 outstanding requests]
cpu: 9974 Issued Read (10a) for address 0xca7b0
cpu: Received MemEvent with command 2 (response to f4, addr 0xe81f4) [Time: 314] [1 outstanding requests]
cpu: 9973 Issued Read (110) for address 0xac580
cpu: Received MemEvent with command 2 (response to 10a, addr 0xca7b0) [Time: 312] [1 outstanding requests]
cpu: 9972 Issued Read (11a) for address 0xbb6c8
cpu: Received MemEvent with command 2 (response to 110, addr 0xac580) [Time: 312] [1 outstanding requests]
cpu: Received MemEvent with command 2 (response to 11a, addr 0xbb6c8) [Time: 312] [0 outstanding requests]
cpu: 9971 Issued Write (128) for address 0xd56ac
cpu: 9970 Issued Read (12c) for address 0x873b0
cpu: 9969 Issued Read (133) for address 0x634b4
cpu: 9968 Issued Read (13d) for address 0xb9a7c
cpu: 9967 Issued Write (142) for address 0xc56cc
cpu: Received MemEvent with command 4 (response to 128, addr 0xd56ac) [Time: 312] [4 outstanding requests]
cpu: 9966 Issued Read (145) for address 0x18b5c
cpu: 9965 Issued Read (14f) for address 0x317d4
cpu: Received MemEvent with command 2 (response to 12c, addr 0x873b0) [Time: 312] [5 outstanding requests]
cpu: Received MemEvent with command 2 (response to 133, addr 0x634b4) [Time: 312] [4 outstanding requests]
cpu: Received MemEvent with command 2 (response to 13d, addr 0xb9a7c) [Time: 312] [3 outstanding requests]
cpu: 9964 Issued Read (16b) for address 0x3e27c
cpu: Received MemEvent with command 4 (response to 142, addr 0xc56cc) [Time: 311] [3 outstanding requests]
cpu: Received MemEvent with command 2 (response to 145, addr 0x18b5c) [Time: 312] [2 outstanding requests]
cpu: Received MemEvent with command 2 (response to 14f, addr 0x317d4) [Time: 312] [1 outstanding requests]
cpu: Received MemEvent with command 2 (response to 16b, addr 0x3e27c) [Time: 312] [0 outstanding requests]
cpu: 9963 Issued Read (17c) for address 0x2713c
cpu: 9962 Issued Read (180) for address 0xecf8
cpu: 9961 Issued Read (18a) for address 0x8db74
cpu: Received MemEvent with command 2 (response to 17c, addr 0x2713c) [Time: 312] [2 outstanding requests]
cpu: 9960 Issued Read (193) for address 0x21fe0
cpu: Received MemEvent with command 2 (response to 180, addr 0xecf8) [Time: 312] [2 outstanding requests]
cpu: 9959 Issued Read (19c) for address 0x87510
cpu: 9958 Issued Read (1a2) for address 0xbd2cc
cpu: 9957 Issued Read (1aa) for address 0xae858
cpu: Received MemEvent with command 2 (response to 18a, addr 0x8db74) [Time: 312] [4 outstanding requests]
cpu: 9956 Issued Read (1b5) for address 0xf54f0
cpu: 9955 Issued Read (1b8) for address 0x9180c
cpu: Received MemEvent with command 2 (response to 193, addr 0x21fe0) [Time: 312] [5 outstanding requests]
cpu: 9954 Issued Read (1c2) for address 0x279cc
cpu: 9953 Issued Read (1c8) for address 0xaa2f8
cpu: Received MemEvent with command 2 (response to 19c, addr 0x87510) [Time: 312] [6 outstanding requests]
cpu: 9952 Issued Read (1d6) for address 0xd7834
cpu: 9951 Issued Read (1d9) for address 0x5298
cpu: Received MemEvent with command 2 (response to 1a2, addr 0xbd2cc) [Time: 312] [7 outstanding requests]
cpu: Received MemEvent with command 2 (response to 1aa, addr 0xae858) [Time: 312] [6 outstanding requests]
cpu: 9950 Issued Read (1ef) for address 0x8ccc8
cpu: 9949 Issued Read (1f6) for address 0xfc2bc
cpu: Received MemEvent with command 2 (response to 1b5, addr 0xf54f0) [Time: 312] [7 outstanding requests]
cpu: Received MemEvent with command 2 (response to 1b8, addr 0x9180c) [Time: 315] [6 outstanding requests]
cpu: Received MemEvent with command 2 (response to 1c2, addr 0x279cc) [Time: 312] [5 outstanding requests]
cpu: Received MemEvent with command 2 (response to 1c8, addr 0xaa2f8) [Time: 312] [4 outstanding requests]
cpu: Received MemEvent with command 2 (response to 1d6, addr 0xd7834) [Time: 312] [3 outstanding requests]
cpu: Received MemEvent with command 2 (response to 1d9, addr 0x5298) [Time: 312] [2 outstanding requests]
cpu: 9948 Issued Write (213) for address 0xe2b70
cpu: 9947 Issued Read (217) for address 0xf9b28
cpu: Received MemEvent with command 2 (response to 1ef, addr 0x8ccc8) [Time: 312] [3 outstanding requests]
cpu: Received MemEvent with command 2 (response to 1f6, addr 0xfc2bc) [Time: 312] [2 outstanding requests]
cpu: 9946 Issued Read (229) for address 0x86fb0
cpu: Received MemEvent with command 4 (response to 213, addr 0xe2b70) [Time: 312] [2 outstanding requests]
cpu: Received MemEvent with command 2 (response to 217, addr 0xf9b28) [Time: 311] [1 outstanding requests]
cpu: 9945 Issued Read (233) for address 0x250a4
cpu: 9944 Issued Write (236) for address 0x20ae4
cpu: 9943 Issued Read (23b) for address 0x410d8
cpu: 9942 Issued Read (245) for address 0x5aa28
cpu: Received MemEvent with command 2 (response to 229, addr 0x86fb0) [Time: 312] [4 outstanding requests]
cpu: 9941 Issued Read (250) for address 0x8cc5c
cpu: Received MemEvent with command 2 (response to 233, addr 0x250a4) [Time: 312] [4 outstanding requests]
cpu: Received MemEvent with command 4 (response to 236, addr 0x20ae4) [Time: 312] [3 outstanding requests]
cpu: 9940 Issued Read (266) for address 0x8dabc
cpu: Received MemEvent with command 2 (response to 23b, addr 0x410d8) [Time: 312] [3 outstanding requests]
cpu: Received MemEvent with command 2 (response to 245, addr 0x5aa28) [Time: 312] [2 outstanding requests]
cpu: Received MemEvent with command 2 (response to 250, addr 0x8cc5c) [Time: 312] [1 outstanding requests]
cpu: 9939 Issued Read (275) for address 0xcd5ac
cpu: Received MemEvent with command 2 (response to 266, addr 0x8dabc) [Time: 312] [1 outstanding requests]
cpu: 9938 Issued Read (27b) for address 0xcae64
cpu: 9937 Issued Read (27d) for address 0xae00c
cpu: 9936 Issued Read (28a) for address 0xd7f30
cpu: 9935 Issued Read (28c) for address 0x20238
cpu: Received MemEvent with command 2 (response to 275, addr 0xcd5ac) [Time: 312] [4 outstanding requests]
cpu: 9934 Issued Read (29f) for address 0xd1f5c
cpu: Received MemEvent with command 2 (response to 27b, addr 0xcae64) [Time: 312] [4 outstanding requests]
cpu: Received MemEvent with command 2 (response to 27d, addr 0xae00c) [Time: 316] [3 outstanding requests]
cpu: Received MemEvent with command 2 (response to 29f, addr 0xd1f5c) [Time: 38] [2 outstanding requests]
cpu: 9933 Issued Read (2ab) for address 0x27224
cpu: 9932 Issued Read (2ad) for address 0x17370
cpu: Received MemEvent with command 2 (response to 28a, addr 0xd7f30) [Time: 312] [3 outstanding requests]
cpu: Received MemEvent with command 2 (response to 28c, addr 0x20238) [Time: 313] [2 outstanding requests]
cpu: 9931 Issued Read (2bc) for address 0x51f34
cpu: 9930 Issued Read (2c7) for address 0x40694
cpu: Received MemEvent with command 2 (response to 2ab, addr 0x27224) [Time: 312] [3 outstanding requests]
cpu: Received MemEvent with command 2 (response to 2ad, addr 0x17370) [Time: 312] [2 outstanding requests]
cpu: 9929 Issued Read (2d0) for address 0x75560
cpu: 9928 Issued Read (2d8) for address 0xc747c
cpu: 9927 Issued Read (2db) for address 0x89110
cpu: 9926 Issued Read (2e0) for address 0x36e70
cpu: Received MemEvent with command 2 (response to 2bc, addr 0x51f34) [Time: 312] [5 outstanding requests]
cpu: Received MemEvent with command 2 (response to 2c7, addr 0x40694) [Time: 312] [4 outstanding requests]
cpu: 9925 Issued Read (2f4) for address 0x25a58
cpu: Received MemEvent with command 2 (response to 2d0, addr 0x75560) [Time: 312] [4 outstanding requests]
cpu: 9924 Issued Read (301) for address 0x1dca8
cpu: Received MemEvent with command 2 (response to 2d8, addr 0xc747c) [Time: 312] [4 outstanding requests]
cpu: Received MemEvent with command 2 (response to 2db, addr 0x89110) [Time: 312] [3 outstanding requests]
cpu: Received MemEvent with command 2 (response to 2e0, addr 0x36e70) [Time: 312] [2 outstanding requests]
cpu: 9923 Issued Read (312) for address 0x7e420
cpu: Received MemEvent with command 2 (response to 2f4, addr 0x25a58) [Time: 312] [2 outstanding requests]
cpu: 9922 Issued Read (31a) for address 0x7e54
cpu: 9921 Issued Read (320) for address 0x6e8c4
cpu: Received MemEvent with command 2 (response to 301, addr 0x1dca8) [Time: 312] [3 outstanding requests]
cpu: Received MemEvent with command 2 (response to 312, addr 0x7e420) [Time: 312] [2 outstanding requests]
cpu: Received MemEvent with command 2 (response to 31a, addr 0x7e54) [Time: 312] [1 outstanding requests]
cpu: Received MemEvent with command 2 (response to 320, addr 0x6e8c4) [Time: 312] [0 outstanding requests]
cpu: 9920 Issued Read (339) for address 0xba9d4
cpu: 9919 Issued Read (33e) for address 0x2e0ec
cpu: 9918 Issued Read (341) for address 0x92ce4
cpu: 9917 Issued Read (34a) for address 0xce9c8
cpu: Received MemEvent with command 2 (response to 339, addr 0xba9d4) [Time: 312] [3 outstanding requests]
cpu: Received MemEvent with command 2 (response to 33e, addr 0x2e0ec) [Time: 312] [2 outstanding requests]
cpu: Received MemEvent with command 2 (response to 341, addr 0x92ce4) [Time: 312] [1 outstanding requests]
cpu: Received MemEvent with command 2 (response to 34a, addr 0xce9c8) [Time: 312] [0 outstanding requests]
cpu: 9916 Issued Read (365) for address 0x65c84
TrivialCPU cpu Finished after 85 issued reads, 84 returned (9999 clocks)
Number of Pending Requests per Cycle (Binned by 2 Requests)
  [0, 2]  3018
  [2, 4]  3891
  [4, 6]  2542
  [6, 8]  536
--------------------------------------------------------------------
Name: l1cache
--------------------------------------------------------------------
GetS-IS misses: 79
GetX-SM misses: 0
GetX-IM misses: 6
GetS hits: 78
GetX hits: 6
Total misses: 85
Total hits: 84
Hit Ratio:  49.704%
PutS received: 0
PutM received: 0
PUTS sent due to evictions: 23
PUTM sent due to evictions: 3
PUTM sent due to invalidations: 0
Invalidates recieved that locked due to user atomic lock: 0
Total instructions recieved: 169
Memory requests received (non-coherency related): 85

--------------------------------------------------------------------
Name: l2cache
--------------------------------------------------------------------
GetS-IS misses: 78
GetX-SM misses: 0
GetX-IM misses: 6
GetS hits: 78
GetX hits: 6
Total misses: 84
Total hits: 84
Hit Ratio:  50.000%
PutS received: 23
PutM received: 3
PUTS sent due to evictions: 0
PUTM sent due to evictions: 0
PUTM sent due to invalidations: 0
Invalidates recieved that locked due to user atomic lock: 0
Total instructions recieved: 194
Memory requests received (non-coherency related): 85

Invalidates sent (non-eviction): 0
Invalidates sent due to evictions: 0
--------------------------------------------------------------------
Name: l3cache
--------------------------------------------------------------------
GetS-IS misses: 78
GetX-SM misses: 0
GetX-IM misses: 6
GetS hits: 77
GetX hits: 6
Total misses: 84
Total hits: 83
Hit Ratio:  49.701%
PutS received: 0
PutM received: 0
PUTS sent due to evictions: 0
PUTM sent due to evictions: 0
PUTM sent due to invalidations: 0
Invalidates recieved that locked due to user atomic lock: 0
Total instructions recieved: 167
Memory requests received (non-coherency related): 84

Invalidates sent (non-eviction): 0
Invalidates sent due to evictions: 0
Simulation is complete, simulated time: 10 us
